Archive member included to satisfy reference by file (symbol)

/home/davi/.pico-sdk/toolchain/13_3_Rel1/bin/../lib/gcc/arm-none-eabi/13.3.1/thumb/v6-m/nofp/libgcc.a(_dvmd_tls.o)
                              CMakeFiles/Tarefa_WLS0302.dir/home/davi/.pico-sdk/sdk/2.1.0/src/rp2_common/pico_divider/divider_hardware.S.o (__aeabi_idiv0)
/home/davi/.pico-sdk/toolchain/13_3_Rel1/bin/../lib/gcc/arm-none-eabi/13.3.1/../../../../arm-none-eabi/lib/thumb/v6-m/nofp/libg.a(libc_a-strlen-stub.o)
                              CMakeFiles/Tarefa_WLS0302.dir/home/davi/.pico-sdk/sdk/2.1.0/src/rp2_common/pico_stdio/stdio.c.o (strlen)
/home/davi/.pico-sdk/toolchain/13_3_Rel1/bin/../lib/gcc/arm-none-eabi/13.3.1/../../../../arm-none-eabi/lib/thumb/v6-m/nofp/libg.a(libc_a-scanf.o)
                              CMakeFiles/Tarefa_WLS0302.dir/Tarefa_WLS0302.c.o (scanf)
/home/davi/.pico-sdk/toolchain/13_3_Rel1/bin/../lib/gcc/arm-none-eabi/13.3.1/../../../../arm-none-eabi/lib/thumb/v6-m/nofp/libg.a(libc_a-malloc.o)
                              CMakeFiles/Tarefa_WLS0302.dir/home/davi/.pico-sdk/sdk/2.1.0/src/rp2_common/pico_malloc/malloc.c.o (malloc)
/home/davi/.pico-sdk/toolchain/13_3_Rel1/bin/../lib/gcc/arm-none-eabi/13.3.1/../../../../arm-none-eabi/lib/thumb/v6-m/nofp/libg.a(libc_a-mallocr.o)
                              /home/davi/.pico-sdk/toolchain/13_3_Rel1/bin/../lib/gcc/arm-none-eabi/13.3.1/../../../../arm-none-eabi/lib/thumb/v6-m/nofp/libg.a(libc_a-malloc.o) (_malloc_r)
/home/davi/.pico-sdk/toolchain/13_3_Rel1/bin/../lib/gcc/arm-none-eabi/13.3.1/../../../../arm-none-eabi/lib/thumb/v6-m/nofp/libg.a(libc_a-lcltime_r.o)
                              CMakeFiles/Tarefa_WLS0302.dir/home/davi/.pico-sdk/sdk/2.1.0/src/common/pico_util/datetime.c.o (localtime_r)
/home/davi/.pico-sdk/toolchain/13_3_Rel1/bin/../lib/gcc/arm-none-eabi/13.3.1/../../../../arm-none-eabi/lib/thumb/v6-m/nofp/libg.a(libc_a-sbrkr.o)
                              /home/davi/.pico-sdk/toolchain/13_3_Rel1/bin/../lib/gcc/arm-none-eabi/13.3.1/../../../../arm-none-eabi/lib/thumb/v6-m/nofp/libg.a(libc_a-mallocr.o) (_sbrk_r)
/home/davi/.pico-sdk/toolchain/13_3_Rel1/bin/../lib/gcc/arm-none-eabi/13.3.1/../../../../arm-none-eabi/lib/thumb/v6-m/nofp/libg.a(libc_a-mktime.o)
                              CMakeFiles/Tarefa_WLS0302.dir/home/davi/.pico-sdk/sdk/2.1.0/src/common/pico_util/datetime.c.o (mktime)
/home/davi/.pico-sdk/toolchain/13_3_Rel1/bin/../lib/gcc/arm-none-eabi/13.3.1/../../../../arm-none-eabi/lib/thumb/v6-m/nofp/libg.a(libc_a-month_lengths.o)
                              /home/davi/.pico-sdk/toolchain/13_3_Rel1/bin/../lib/gcc/arm-none-eabi/13.3.1/../../../../arm-none-eabi/lib/thumb/v6-m/nofp/libg.a(libc_a-lcltime_r.o) (__month_lengths)
/home/davi/.pico-sdk/toolchain/13_3_Rel1/bin/../lib/gcc/arm-none-eabi/13.3.1/../../../../arm-none-eabi/lib/thumb/v6-m/nofp/libg.a(libc_a-vfscanf.o)
                              /home/davi/.pico-sdk/toolchain/13_3_Rel1/bin/../lib/gcc/arm-none-eabi/13.3.1/../../../../arm-none-eabi/lib/thumb/v6-m/nofp/libg.a(libc_a-scanf.o) (_vfscanf_r)
/home/davi/.pico-sdk/toolchain/13_3_Rel1/bin/../lib/gcc/arm-none-eabi/13.3.1/../../../../arm-none-eabi/lib/thumb/v6-m/nofp/libg.a(libc_a-tzcalc_limits.o)
                              /home/davi/.pico-sdk/toolchain/13_3_Rel1/bin/../lib/gcc/arm-none-eabi/13.3.1/../../../../arm-none-eabi/lib/thumb/v6-m/nofp/libg.a(libc_a-lcltime_r.o) (__tzcalc_limits)
/home/davi/.pico-sdk/toolchain/13_3_Rel1/bin/../lib/gcc/arm-none-eabi/13.3.1/../../../../arm-none-eabi/lib/thumb/v6-m/nofp/libg.a(libc_a-tzlock.o)
                              /home/davi/.pico-sdk/toolchain/13_3_Rel1/bin/../lib/gcc/arm-none-eabi/13.3.1/../../../../arm-none-eabi/lib/thumb/v6-m/nofp/libg.a(libc_a-lcltime_r.o) (__tz_lock)
/home/davi/.pico-sdk/toolchain/13_3_Rel1/bin/../lib/gcc/arm-none-eabi/13.3.1/../../../../arm-none-eabi/lib/thumb/v6-m/nofp/libg.a(libc_a-tzset.o)
                              /home/davi/.pico-sdk/toolchain/13_3_Rel1/bin/../lib/gcc/arm-none-eabi/13.3.1/../../../../arm-none-eabi/lib/thumb/v6-m/nofp/libg.a(libc_a-lcltime_r.o) (_tzset_unlocked)
/home/davi/.pico-sdk/toolchain/13_3_Rel1/bin/../lib/gcc/arm-none-eabi/13.3.1/../../../../arm-none-eabi/lib/thumb/v6-m/nofp/libg.a(libc_a-ungetc.o)
                              /home/davi/.pico-sdk/toolchain/13_3_Rel1/bin/../lib/gcc/arm-none-eabi/13.3.1/../../../../arm-none-eabi/lib/thumb/v6-m/nofp/libg.a(libc_a-vfscanf.o) (_ungetc_r)
/home/davi/.pico-sdk/toolchain/13_3_Rel1/bin/../lib/gcc/arm-none-eabi/13.3.1/../../../../arm-none-eabi/lib/thumb/v6-m/nofp/libg.a(libc_a-mlock.o)
                              /home/davi/.pico-sdk/toolchain/13_3_Rel1/bin/../lib/gcc/arm-none-eabi/13.3.1/../../../../arm-none-eabi/lib/thumb/v6-m/nofp/libg.a(libc_a-mallocr.o) (__malloc_lock)
/home/davi/.pico-sdk/toolchain/13_3_Rel1/bin/../lib/gcc/arm-none-eabi/13.3.1/../../../../arm-none-eabi/lib/thumb/v6-m/nofp/libg.a(libc_a-calloc.o)
[...]
Memory Configuration

Name             Origin             Length             Attributes
FLASH            0x10000000         0x00200000         xr
RAM              0x20000000         0x00040000         xrw
SCRATCH_X        0x20040000         0x00001000         xrw
SCRATCH_Y        0x20041000         0x00001000         xrw
*default*        0x00000000         0xffffffff

Linker script and memory map

LOAD /home/davi/.pico-sdk/toolchain/13_3_Rel1/bin/../lib/gcc/arm-none-eabi/13.3.1/thumb/v6-m/nofp/crti.o
LOAD /home/davi/.pico-sdk/toolchain/13_3_Rel1/bin/../lib/gcc/arm-none-eabi/13.3.1/thumb/v6-m/nofp/crtbegin.o
LOAD /home/davi/.pico-sdk/toolchain/13_3_Rel1/bin/../lib/gcc/arm-none-eabi/13.3.1/../../../../arm-none-eabi/lib/thumb/v6-m/nofp/crt0.o

.flash_begin    0x10000000        0x0
                0x10000000                        __flash_binary_start = .

.boot2          0x10000000      0x100
                0x10000000                        __boot2_start__ = .
 *(.boot2)
 .boot2         0x10000000      0x100 pico-sdk/src/rp2040/boot_stage2/CMakeFiles/bs2_default_library.dir/bs2_default_padded_checksummed.S.o
                0x10000100                        __boot2_end__ = .
                0x00000001                        ASSERT (((__boot2_end__ - __boot2_start__) == 0x100), ERROR: Pico second stage bootloader must be 256 bytes in size)

.text           0x10000100     0xe30c
                0x10000100                        __logical_binary_start = .
 *(.vectors)
 .vectors       0x10000100       0xd4 CMakeFiles/Tarefa_WLS0302.dir/home/davi/.pico-sdk/sdk/2.1.0/src/rp2_common/pico_crt0/crt0.S.o
                0x10000100                __vectors
                0x10000100                __VECTOR_TABLE
                0x100001c0                isr_invalid
                0x100001c0                __default_isrs_start
                0x100001c2                isr_nmi
                0x100001c4                isr_hardfault
                0x100001c6                isr_svcall
                0x100001c8                isr_pendsv
                0x100001ca                isr_systick
                0x100001cc                isr_irq30
                0x100001cc                __unhandled_user_irq
                0x100001cc                isr_irq13
                0x100001cc                isr_irq27
                0x100001cc                isr_irq31
                0x100001cc                isr_irq5
                0x100001cc                isr_irq11
                0x100001cc                isr_irq23
                0x100001cc                isr_irq18
                0x100001cc                isr_irq28
                0x100001cc                isr_irq19
                0x100001cc                isr_irq0
                0x100001cc                isr_irq6
                0x100001cc                isr_irq22
                0x100001cc                isr_irq17
                0x100001cc                isr_irq14
                0x100001cc                isr_irq2
                0x100001cc                isr_irq10
                0x100001cc                isr_irq8
                0x100001cc                isr_irq24
                0x100001cc                isr_irq1
                0x100001cc                isr_irq7
                0x100001cc                isr_irq21
                0x100001cc                isr_irq20
                0x100001cc                isr_irq15
                0x100001cc                isr_irq25
                0x100001cc                isr_irq4
                0x100001cc                isr_irq16
                0x100001cc                isr_irq29
                0x100001cc                isr_irq26
                0x100001cc                __default_isrs_end
                0x100001cc                isr_irq3
                0x100001cc                isr_irq12
                0x100001cc                isr_irq9
                0x100001d2                unhandled_user_irq_num_in_r0
 *(.binary_info_header)
 .binary_info_header
                0x100001d4       0x14 CMakeFiles/Tarefa_WLS0302.dir/home/davi/.pico-sdk/sdk/2.1.0/src/rp2_common/pico_crt0/crt0.S.o
                0x100001e8                        __binary_info_header_end = .
 *(.embedded_block)
                0x100001e8                        __embedded_block_end = .
 *(.reset)
 .reset         0x100001e8       0x9c CMakeFiles/Tarefa_WLS0302.dir/home/davi/.pico-sdk/sdk/2.1.0/src/rp2_common/pico_crt0/crt0.S.o
                0x100001e8                _entry_point
 *(.init)
 .init          0x10000284        0x4 /home/davi/.pico-sdk/toolchain/13_3_Rel1/bin/../lib/gcc/arm-none-eabi/13.3.1/thumb/v6-m/nofp/crti.o
                0x10000284                _init
 *(EXCLUDE_FILE(*libm.a: *libc.a:*lib_a-mem*.o *libgcc.a:) .text*)
 .text.register_tm_clones
                0x10000288       0x28 /home/davi/.pico-sdk/toolchain/13_3_Rel1/bin/../lib/gcc/arm-none-eabi/13.3.1/thumb/v6-m/nofp/crtbegin.o
 .text.frame_dummy
                0x100002b0       0x24 /home/davi/.pico-sdk/toolchain/13_3_Rel1/bin/../lib/gcc/arm-none-eabi/13.3.1/thumb/v6-m/nofp/crtbegin.o
 .text.button_pressed
                0x100002d4       0x58 CMakeFiles/Tarefa_WLS0302.dir/Tarefa_WLS0302.c.o
                0x100002d4                button_pressed
 .text.init_leds
                0x1000032c       0x2c CMakeFiles/Tarefa_WLS0302.dir/Tarefa_WLS0302.c.o
                0x1000032c                init_leds
 .text.init_buttons
                0x10000358       0x50 CMakeFiles/Tarefa_WLS0302.dir/Tarefa_WLS0302.c.o
                0x10000358                init_buttons
 .text.init_ws2812_leds
                0x100003a8      0x13c CMakeFiles/Tarefa_WLS0302.dir/Tarefa_WLS0302.c.o
                0x100003a8                init_ws2812_leds
 .text.init_i2c_and_display
                0x100004e4       0x6c CMakeFiles/Tarefa_WLS0302.dir/Tarefa_WLS0302.c.o
                0x100004e4                init_i2c_and_display
 .text.display_message
                0x10000550       0x3c CMakeFiles/Tarefa_WLS0302.dir/Tarefa_WLS0302.c.o
                0x10000550                display_message
 .text.startup.main
                0x1000058c      0x1c8 CMakeFiles/Tarefa_WLS0302.dir/Tarefa_WLS0302.c.o
                0x1000058c                main
 .text.ssd1306_init
                0x10000754       0x34 CMakeFiles/Tarefa_WLS0302.dir/inc/ssd1306.c.o
                0x10000754                ssd1306_init
 .text.ssd1306_config
                0x10000788      0x1d0 CMakeFiles/Tarefa_WLS0302.dir/inc/ssd1306.c.o
                0x10000788                ssd1306_config
 .text.ssd1306_send_data
                0x10000958       0x8c CMakeFiles/Tarefa_WLS0302.dir/inc/ssd1306.c.o
                0x10000958                ssd1306_send_data
 .text.ssd1306_fill
                0x100009e4       0x80 CMakeFiles/Tarefa_WLS0302.dir/inc/ssd1306.c.o
                0x100009e4                ssd1306_fill
 .text.ssd1306_rect
                0x10000a64      0x28c CMakeFiles/Tarefa_WLS0302.dir/inc/ssd1306.c.o
                0x10000a64                ssd1306_rect
 .text.ssd1306_draw_char
                0x10000cf0      0x264 CMakeFiles/Tarefa_WLS0302.dir/inc/ssd1306.c.o
                0x10000cf0                ssd1306_draw_char
 .text.ssd1306_draw_string
                0x10000f54       0x40 CMakeFiles/Tarefa_WLS0302.dir/inc/ssd1306.c.o
                0x10000f54                ssd1306_draw_string
 .text.gpio_default_irq_handler
                0x10000f94      0x274 CMakeFiles/Tarefa_WLS0302.dir/home/davi/.pico-sdk/sdk/2.1.0/src/rp2_common/hardware_gpio/gpio.c.o
 .text.gpio_set_function
                0x10001208       0x34 CMakeFiles/Tarefa_WLS0302.dir/home/davi/.pico-sdk/sdk/2.1.0/src/rp2_common/hardware_gpio/gpio.c.o
                0x10001208                gpio_set_function
 .text.gpio_set_pulls
                0x1000123c       0x28 CMakeFiles/Tarefa_WLS0302.dir/home/davi/.pico-sdk/sdk/2.1.0/src/rp2_common/hardware_gpio/gpio.c.o
                0x1000123c                gpio_set_pulls
 .text.gpio_set_irq_enabled_with_callback
                0x10001264       0xd0 CMakeFiles/Tarefa_WLS0302.dir/home/davi/.pico-sdk/sdk/2.1.0/src/rp2_common/hardware_gpio/gpio.c.o
                0x10001264                gpio_set_irq_enabled_with_callback
 .text.gpio_init
                0x10001334       0x40 CMakeFiles/Tarefa_WLS0302.dir/home/davi/.pico-sdk/sdk/2.1.0/src/rp2_common/hardware_gpio/gpio.c.o
                0x10001334                gpio_init
 .text.rp2040_chip_version
                0x10001374        0xc CMakeFiles/Tarefa_WLS0302.dir/home/davi/.pico-sdk/sdk/2.1.0/src/rp2040/pico_platform/platform.c.o
                0x10001374                rp2040_chip_version
 .text.panic    0x10001380       0x30 CMakeFiles/Tarefa_WLS0302.dir/home/davi/.pico-sdk/sdk/2.1.0/src/rp2_common/pico_platform_panic/panic.c.o
                0x10001380                panic
 .text.hw_claim_lock
                0x100013b0       0x18 CMakeFiles/Tarefa_WLS0302.dir/home/davi/.pico-sdk/sdk/2.1.0/src/common/hardware_claim/claim.c.o
                0x100013b0                hw_claim_lock
 .text.hw_claim_unlock
                0x100013c8       0x14 CMakeFiles/Tarefa_WLS0302.dir/home/davi/.pico-sdk/sdk/2.1.0/src/common/hardware_claim/claim.c.o
                0x100013c8                hw_claim_unlock
 .text.hw_claim_or_assert
                0x100013dc       0x44 CMakeFiles/Tarefa_WLS0302.dir/home/davi/.pico-sdk/sdk/2.1.0/src/common/hardware_claim/claim.c.o
                0x100013dc                hw_claim_or_assert
 .text.hw_claim_unused_from_range
                0x10001420       0x9c CMakeFiles/Tarefa_WLS0302.dir/home/davi/.pico-sdk/sdk/2.1.0/src/common/hardware_claim/claim.c.o
                0x10001420                hw_claim_unused_from_range
 .text.next_striped_spin_lock_num
                0x100014bc       0x18 CMakeFiles/Tarefa_WLS0302.dir/home/davi/.pico-sdk/sdk/2.1.0/src/rp2_common/hardware_sync/sync.c.o
                0x100014bc                next_striped_spin_lock_num
 .text.spin_lock_claim_unused
                0x100014d4       0x24 CMakeFiles/Tarefa_WLS0302.dir/home/davi/.pico-sdk/sdk/2.1.0/src/rp2_common/hardware_sync/sync.c.o
                0x100014d4                spin_lock_claim_unused
 .text.spin_locks_reset
                0x100014f8       0x1c CMakeFiles/Tarefa_WLS0302.dir/home/davi/.pico-sdk/sdk/2.1.0/src/rp2_common/hardware_sync_spin_lock/sync_spin_lock.c.o
                0x100014f8                spin_locks_reset
 .text.runtime_init_per_core_irq_priorities
                0x10001514       0x24 CMakeFiles/Tarefa_WLS0302.dir/home/davi/.pico-sdk/sdk/2.1.0/src/rp2_common/hardware_irq/irq.c.o
                0x10001514                runtime_init_per_core_irq_priorities
 .text.irq_set_enabled
                0x10001538       0x24 CMakeFiles/Tarefa_WLS0302.dir/home/davi/.pico-sdk/sdk/2.1.0/src/rp2_common/hardware_irq/irq.c.o
                0x10001538                irq_set_enabled
 .text.irq_is_enabled
                0x1000155c       0x18 CMakeFiles/Tarefa_WLS0302.dir/home/davi/.pico-sdk/sdk/2.1.0/src/rp2_common/hardware_irq/irq.c.o
                0x1000155c                irq_is_enabled
 .text.irq_set_pending
                0x10001574       0x10 CMakeFiles/Tarefa_WLS0302.dir/home/davi/.pico-sdk/sdk/2.1.0/src/rp2_common/hardware_irq/irq.c.o
                0x10001574                irq_set_pending
 .text.irq_has_shared_handler
                0x10001584       0x2c CMakeFiles/Tarefa_WLS0302.dir/home/davi/.pico-sdk/sdk/2.1.0/src/rp2_common/hardware_irq/irq.c.o
                0x10001584                irq_has_shared_handler
 .text.irq_set_exclusive_handler
                0x100015b0       0x54 CMakeFiles/Tarefa_WLS0302.dir/home/davi/.pico-sdk/sdk/2.1.0/src/rp2_common/hardware_irq/irq.c.o
                0x100015b0                irq_set_exclusive_handler
 .text.irq_add_shared_handler
                0x10001604      0x1f4 CMakeFiles/Tarefa_WLS0302.dir/home/davi/.pico-sdk/sdk/2.1.0/src/rp2_common/hardware_irq/irq.c.o
                0x10001604                irq_add_shared_handler
 .text.irq_remove_handler
                0x100017f8      0x1d4 CMakeFiles/Tarefa_WLS0302.dir/home/davi/.pico-sdk/sdk/2.1.0/src/rp2_common/hardware_irq/irq.c.o
                0x100017f8                irq_remove_handler
 .text.irq_add_tail_to_free_list
                0x100019cc       0xb4 CMakeFiles/Tarefa_WLS0302.dir/home/davi/.pico-sdk/sdk/2.1.0/src/rp2_common/hardware_irq/irq.c.o
                0x100019cc                irq_add_tail_to_free_list
 .text.user_irq_claim_unused
                0x10001a80       0x2c CMakeFiles/Tarefa_WLS0302.dir/home/davi/.pico-sdk/sdk/2.1.0/src/rp2_common/hardware_irq/irq.c.o
                0x10001a80                user_irq_claim_unused
 .text.lock_init
                0x10001aac       0x10 CMakeFiles/Tarefa_WLS0302.dir/home/davi/.pico-sdk/sdk/2.1.0/src/common/pico_sync/lock_core.c.o
                0x10001aac                lock_init
 .text.runtime_init_mutex
                0x10001abc       0x50 CMakeFiles/Tarefa_WLS0302.dir/home/davi/.pico-sdk/sdk/2.1.0/src/common/pico_sync/mutex.c.o
                0x10001abc                runtime_init_mutex
 .text.mutex_init
                0x10001b0c       0x1c CMakeFiles/Tarefa_WLS0302.dir/home/davi/.pico-sdk/sdk/2.1.0/src/common/pico_sync/mutex.c.o
                0x10001b0c                mutex_init
 .text.critical_section_init
                0x10001b28       0x1c CMakeFiles/Tarefa_WLS0302.dir/home/davi/.pico-sdk/sdk/2.1.0/src/common/pico_sync/critical_section.c.o
                0x10001b28                critical_section_init
 .text.critical_section_init_with_lock_num
                0x10001b44       0x14 CMakeFiles/Tarefa_WLS0302.dir/home/davi/.pico-sdk/sdk/2.1.0/src/common/pico_sync/critical_section.c.o
                0x10001b44                critical_section_init_with_lock_num
 .text.sleep_until_callback
                0x10001b58       0x30 CMakeFiles/Tarefa_WLS0302.dir/home/davi/.pico-sdk/sdk/2.1.0/src/common/pico_time/time.c.o
 .text.alarm_pool_irq_handler
                0x10001b88      0x2fc CMakeFiles/Tarefa_WLS0302.dir/home/davi/.pico-sdk/sdk/2.1.0/src/common/pico_time/time.c.o
 .text.runtime_init_default_alarm_pool
                0x10001e84       0xdc CMakeFiles/Tarefa_WLS0302.dir/home/davi/.pico-sdk/sdk/2.1.0/src/common/pico_time/time.c.o
                0x10001e84                runtime_init_default_alarm_pool
 .text.alarm_pool_get_default
                0x10001f60        0x8 CMakeFiles/Tarefa_WLS0302.dir/home/davi/.pico-sdk/sdk/2.1.0/src/common/pico_time/time.c.o
                0x10001f60                alarm_pool_get_default
 .text.alarm_pool_add_alarm_at
                0x10001f68       0xd4 CMakeFiles/Tarefa_WLS0302.dir/home/davi/.pico-sdk/sdk/2.1.0/src/common/pico_time/time.c.o
                0x10001f68                alarm_pool_add_alarm_at
 .text.alarm_pool_add_alarm_at_force_in_context
                0x1000203c       0xb0 CMakeFiles/Tarefa_WLS0302.dir/home/davi/.pico-sdk/sdk/2.1.0/src/common/pico_time/time.c.o
                0x1000203c                alarm_pool_add_alarm_at_force_in_context
 .text.alarm_pool_cancel_alarm
                0x100020ec       0x74 CMakeFiles/Tarefa_WLS0302.dir/home/davi/.pico-sdk/sdk/2.1.0/src/common/pico_time/time.c.o
                0x100020ec                alarm_pool_cancel_alarm
 .text.alarm_pool_core_num
                0x10002160        0x4 CMakeFiles/Tarefa_WLS0302.dir/home/davi/.pico-sdk/sdk/2.1.0/src/common/pico_time/time.c.o
                0x10002160                alarm_pool_core_num
 .text.best_effort_wfe_or_timeout
                0x10002164       0xe0 CMakeFiles/Tarefa_WLS0302.dir/home/davi/.pico-sdk/sdk/2.1.0/src/common/pico_time/time.c.o
                0x10002164                best_effort_wfe_or_timeout
 .text.timer_hardware_alarm_claim
                0x10002244       0x14 CMakeFiles/Tarefa_WLS0302.dir/home/davi/.pico-sdk/sdk/2.1.0/src/rp2_common/hardware_timer/timer.c.o
                0x10002244                timer_hardware_alarm_claim
 .text.timer_time_us_64
                0x10002258       0x10 CMakeFiles/Tarefa_WLS0302.dir/home/davi/.pico-sdk/sdk/2.1.0/src/rp2_common/hardware_timer/timer.c.o
                0x10002258                timer_time_us_64
 .text.time_us_64
                0x10002268       0x14 CMakeFiles/Tarefa_WLS0302.dir/home/davi/.pico-sdk/sdk/2.1.0/src/rp2_common/hardware_timer/timer.c.o
                0x10002268                time_us_64
 .text.busy_wait_us
                0x1000227c       0x68 CMakeFiles/Tarefa_WLS0302.dir/home/davi/.pico-sdk/sdk/2.1.0/src/rp2_common/hardware_timer/timer.c.o
                0x1000227c                busy_wait_us
 .text.uart_init
                0x100022e4      0x120 CMakeFiles/Tarefa_WLS0302.dir/home/davi/.pico-sdk/sdk/2.1.0/src/rp2_common/hardware_uart/uart.c.o
                0x100022e4                uart_init
 .text.clock_configure_int_divider
                0x10002404       0xf4 CMakeFiles/Tarefa_WLS0302.dir/home/davi/.pico-sdk/sdk/2.1.0/src/rp2_common/hardware_clocks/clocks.c.o
                0x10002404                clock_configure_int_divider
 .text.clock_configure_undivided
                0x100024f8       0xe8 CMakeFiles/Tarefa_WLS0302.dir/home/davi/.pico-sdk/sdk/2.1.0/src/rp2_common/hardware_clocks/clocks.c.o
                0x100024f8                clock_configure_undivided
 .text.clock_get_hz
                0x100025e0        0xc CMakeFiles/Tarefa_WLS0302.dir/home/davi/.pico-sdk/sdk/2.1.0/src/rp2_common/hardware_clocks/clocks.c.o
                0x100025e0                clock_get_hz
 .text.set_sys_clock_pll
                0x100025ec      0x1b8 CMakeFiles/Tarefa_WLS0302.dir/home/davi/.pico-sdk/sdk/2.1.0/src/rp2_common/hardware_clocks/clocks.c.o
                0x100025ec                set_sys_clock_pll
 .text.check_sys_clock_khz
                0x100027a4      0x234 CMakeFiles/Tarefa_WLS0302.dir/home/davi/.pico-sdk/sdk/2.1.0/src/rp2_common/hardware_clocks/clocks.c.o
                0x100027a4                check_sys_clock_khz
 .text.pll_init
                0x100029d8       0xa4 CMakeFiles/Tarefa_WLS0302.dir/home/davi/.pico-sdk/sdk/2.1.0/src/rp2_common/hardware_pll/pll.c.o
                0x100029d8                pll_init
 .text.watchdog_reboot
                0x10002a7c       0x9c CMakeFiles/Tarefa_WLS0302.dir/home/davi/.pico-sdk/sdk/2.1.0/src/rp2_common/hardware_watchdog/watchdog.c.o
                0x10002a7c                watchdog_reboot
 .text.tick_start
                0x10002b18       0x10 CMakeFiles/Tarefa_WLS0302.dir/home/davi/.pico-sdk/sdk/2.1.0/src/rp2_common/hardware_ticks/ticks.c.o
                0x10002b18                tick_start
 .text.rom_func_lookup
                0x10002b28       0x10 CMakeFiles/Tarefa_WLS0302.dir/home/davi/.pico-sdk/sdk/2.1.0/src/rp2_common/pico_bootrom/bootrom.c.o
                0x10002b28                rom_func_lookup
 .text.rom_data_lookup
                0x10002b38       0x10 CMakeFiles/Tarefa_WLS0302.dir/home/davi/.pico-sdk/sdk/2.1.0/src/rp2_common/pico_bootrom/bootrom.c.o
                0x10002b38                rom_data_lookup
 .text.rom_funcs_lookup
                0x10002b48       0x44 CMakeFiles/Tarefa_WLS0302.dir/home/davi/.pico-sdk/sdk/2.1.0/src/rp2_common/pico_bootrom/bootrom.c.o
                0x10002b48                rom_funcs_lookup
 .text.rom_reset_usb_boot_extra
                0x10002b8c       0x28 CMakeFiles/Tarefa_WLS0302.dir/home/davi/.pico-sdk/sdk/2.1.0/src/rp2_common/pico_bootrom/bootrom.c.o
                0x10002b8c                rom_reset_usb_boot_extra
 .text.xosc_init
                0x10002bb4       0x28 CMakeFiles/Tarefa_WLS0302.dir/home/davi/.pico-sdk/sdk/2.1.0/src/rp2_common/hardware_xosc/xosc.c.o
                0x10002bb4                xosc_init
 .text.first_per_core_initializer
                0x10002bdc        0x4 CMakeFiles/Tarefa_WLS0302.dir/home/davi/.pico-sdk/sdk/2.1.0/src/rp2_common/pico_runtime/runtime.c.o
 .text.hard_assertion_failure
                0x10002be0        0xc CMakeFiles/Tarefa_WLS0302.dir/home/davi/.pico-sdk/sdk/2.1.0/src/rp2_common/pico_runtime/runtime.c.o
                0x10002be0                hard_assertion_failure
 .text.runtime_run_initializers
                0x10002bec       0x28 CMakeFiles/Tarefa_WLS0302.dir/home/davi/.pico-sdk/sdk/2.1.0/src/rp2_common/pico_runtime/runtime.c.o
                0x10002bec                runtime_run_initializers
 .text.runtime_init_early_resets
                0x10002c14       0x2c CMakeFiles/Tarefa_WLS0302.dir/home/davi/.pico-sdk/sdk/2.1.0/src/rp2_common/pico_runtime_init/runtime_init.c.o
                0x10002c14                runtime_init_early_resets
 .text.runtime_init_usb_power_down
                0x10002c40       0x1c CMakeFiles/Tarefa_WLS0302.dir/home/davi/.pico-sdk/sdk/2.1.0/src/rp2_common/pico_runtime_init/runtime_init.c.o
                0x10002c40                runtime_init_usb_power_down
 .text.runtime_init_post_clock_resets
                0x10002c5c       0x20 CMakeFiles/Tarefa_WLS0302.dir/home/davi/.pico-sdk/sdk/2.1.0/src/rp2_common/pico_runtime_init/runtime_init.c.o
                0x10002c5c                runtime_init_post_clock_resets
 .text.runtime_init_rp2040_gpio_ie_disable
                0x10002c7c       0x14 CMakeFiles/Tarefa_WLS0302.dir/home/davi/.pico-sdk/sdk/2.1.0/src/rp2_common/pico_runtime_init/runtime_init.c.o
                0x10002c7c                runtime_init_rp2040_gpio_ie_disable
 .text.runtime_init_spin_locks_reset
                0x10002c90        0x8 CMakeFiles/Tarefa_WLS0302.dir/home/davi/.pico-sdk/sdk/2.1.0/src/rp2_common/pico_runtime_init/runtime_init.c.o
                0x10002c90                runtime_init_spin_locks_reset
 .text.runtime_init_install_ram_vector_table
                0x10002c98       0x1c CMakeFiles/Tarefa_WLS0302.dir/home/davi/.pico-sdk/sdk/2.1.0/src/rp2_common/pico_runtime_init/runtime_init.c.o
                0x10002c98                runtime_init_install_ram_vector_table
 .text.runtime_init_clocks
                0x10002cb4       0xd8 CMakeFiles/Tarefa_WLS0302.dir/home/davi/.pico-sdk/sdk/2.1.0/src/rp2_common/pico_runtime_init/runtime_init_clocks.c.o
                0x10002cb4                runtime_init_clocks
 .text          0x10002d8c       0x10 CMakeFiles/Tarefa_WLS0302.dir/home/davi/.pico-sdk/sdk/2.1.0/src/rp2_common/pico_bit_ops/bit_ops_aeabi.S.o
 .text.__wrap___aeabi_idiv
                0x10002d9c       0x50 CMakeFiles/Tarefa_WLS0302.dir/home/davi/.pico-sdk/sdk/2.1.0/src/rp2_common/pico_divider/divider_hardware.S.o
                0x10002d9c                __wrap___aeabi_idivmod
                0x10002d9c                divmod_s32s32
                0x10002d9c                div_s32s32
                0x10002d9c                __wrap___aeabi_idiv
                0x10002da4                divmod_s32s32_unsafe
                0x10002dd0                divmod_s32s32_savestate
 .text.__wrap___aeabi_uidiv
                0x10002dec       0x4c CMakeFiles/Tarefa_WLS0302.dir/home/davi/.pico-sdk/sdk/2.1.0/src/rp2_common/pico_divider/divider_hardware.S.o
                0x10002dec                __wrap___aeabi_uidiv
                0x10002dec                __wrap___aeabi_uidivmod
                0x10002dec                div_u32u32
                0x10002dec                divmod_u32u32
                0x10002df4                divmod_u32u32_unsafe
                0x10002e1c                divmod_u32u32_savestate
 .text.__wrap___aeabi_ldiv
                0x10002e38      0x424 CMakeFiles/Tarefa_WLS0302.dir/home/davi/.pico-sdk/sdk/2.1.0/src/rp2_common/pico_divider/divider_hardware.S.o
                0x10002e38                div_s64s64
                0x10002e38                divmod_s64s64
                0x10002e38                __wrap___aeabi_ldivmod
                0x10002e68                div_u64u64
                0x10002e68                divmod_u64u64
                0x10002e68                __wrap___aeabi_uldivmod
                0x10002e78                divmod_u64u64_savestate
                0x10002e98                divmod_s64s64_unsafe
                0x10002f20                divmod_u64u64_unsafe
 .text.__wrap___aeabi_darithmetic
                0x1000325c       0x60 CMakeFiles/Tarefa_WLS0302.dir/home/davi/.pico-sdk/sdk/2.1.0/src/rp2_common/pico_double/double_aeabi_rp2040.S.o
                0x1000325c                __wrap___aeabi_drsub
                0x10003262                __wrap___aeabi_dsub
                0x1000326c                __wrap___aeabi_dadd
                0x10003276                __wrap___aeabi_ddiv
                0x100032aa                __wrap___aeabi_dmul
 .text.__wrap___aeabi_cdcmple
                0x100032bc       0x6c CMakeFiles/Tarefa_WLS0302.dir/home/davi/.pico-sdk/sdk/2.1.0/src/rp2_common/pico_double/double_aeabi_rp2040.S.o
                0x100032bc                __wrap___aeabi_cdrcmple
                0x100032cc                __wrap___aeabi_cdcmple
                0x100032cc                __wrap___aeabi_cdcmpeq
 .text.__wrap___aeabi_dcmpeq
                0x10003328       0x10 CMakeFiles/Tarefa_WLS0302.dir/home/davi/.pico-sdk/sdk/2.1.0/src/rp2_common/pico_double/double_aeabi_rp2040.S.o
                0x10003328                __wrap___aeabi_dcmpeq
 .text.__wrap___aeabi_dcmplt
                0x10003338        0xc CMakeFiles/Tarefa_WLS0302.dir/home/davi/.pico-sdk/sdk/2.1.0/src/rp2_common/pico_double/double_aeabi_rp2040.S.o
                0x10003338                __wrap___aeabi_dcmplt
 .text.__wrap___aeabi_dcmple
                0x10003344       0x10 CMakeFiles/Tarefa_WLS0302.dir/home/davi/.pico-sdk/sdk/2.1.0/src/rp2_common/pico_double/double_aeabi_rp2040.S.o
                0x10003344                __wrap___aeabi_dcmple
 .text.__wrap___aeabi_dcmpge
                0x10003354       0x10 CMakeFiles/Tarefa_WLS0302.dir/home/davi/.pico-sdk/sdk/2.1.0/src/rp2_common/pico_double/double_aeabi_rp2040.S.o
                0x10003354                __wrap___aeabi_dcmpge
 .text.__wrap___aeabi_dcmpgt
                0x10003364        0xa CMakeFiles/Tarefa_WLS0302.dir/home/davi/.pico-sdk/sdk/2.1.0/src/rp2_common/pico_double/double_aeabi_rp2040.S.o
                0x10003364                __wrap___aeabi_dcmpgt
 .text.__wrap___aeabi_dcmpun
                0x1000336e       0x18 CMakeFiles/Tarefa_WLS0302.dir/home/davi/.pico-sdk/sdk/2.1.0/src/rp2_common/pico_double/double_aeabi_rp2040.S.o
                0x1000336e                __wrap___aeabi_dcmpun
 *fill*         0x10003386        0x2 
 .text.__wrap___aeabi_i2d
                0x10003388       0x38 CMakeFiles/Tarefa_WLS0302.dir/home/davi/.pico-sdk/sdk/2.1.0/src/rp2_common/pico_double/double_aeabi_rp2040.S.o
                0x10003388                __wrap___aeabi_ui2d
                0x10003390                __wrap___aeabi_i2d
 .text.__wrap___aeabi_d2iz
                0x100033c0       0x48 CMakeFiles/Tarefa_WLS0302.dir/home/davi/.pico-sdk/sdk/2.1.0/src/rp2_common/pico_double/double_aeabi_rp2040.S.o
                0x100033c0                __wrap___aeabi_d2iz
                0x100033c0                double2int_z
 .text.__wrap___aeabi_d2uiz
                0x10003408       0x10 CMakeFiles/Tarefa_WLS0302.dir/home/davi/.pico-sdk/sdk/2.1.0/src/rp2_common/pico_double/double_aeabi_rp2040.S.o
                0x10003408                double2uint
                0x10003408                __wrap___aeabi_d2uiz
 .text.__wrap___aeabi_l2d
                0x10003418       0x10 CMakeFiles/Tarefa_WLS0302.dir/home/davi/.pico-sdk/sdk/2.1.0/src/rp2_common/pico_double/double_aeabi_rp2040.S.o
                0x10003418                __wrap___aeabi_l2d
 .text.__wrap___aeabi_d2lz
                0x10003428       0x26 CMakeFiles/Tarefa_WLS0302.dir/home/davi/.pico-sdk/sdk/2.1.0/src/rp2_common/pico_double/double_aeabi_rp2040.S.o
                0x10003428                __wrap___aeabi_d2lz
                0x10003428                double2int64_z
 *fill*         0x1000344e        0x2 
 .text.double2int64
                0x10003450       0x10 CMakeFiles/Tarefa_WLS0302.dir/home/davi/.pico-sdk/sdk/2.1.0/src/rp2_common/pico_double/double_aeabi_rp2040.S.o
                0x10003450                double2int64
 .text.double2ufix64
                0x10003460       0x10 CMakeFiles/Tarefa_WLS0302.dir/home/davi/.pico-sdk/sdk/2.1.0/src/rp2_common/pico_double/double_aeabi_rp2040.S.o
                0x10003460                double2ufix64
 .text.__wrap___aeabi_d2f
                0x10003470       0x10 CMakeFiles/Tarefa_WLS0302.dir/home/davi/.pico-sdk/sdk/2.1.0/src/rp2_common/pico_double/double_aeabi_rp2040.S.o
                0x10003470                __wrap___aeabi_d2f
 .text.missing_double_func_shim
                0x10003480        0xc CMakeFiles/Tarefa_WLS0302.dir/home/davi/.pico-sdk/sdk/2.1.0/src/rp2_common/pico_double/double_init_rom_rp2040.c.o
 .text.__aeabi_double_init
                0x1000348c       0xa0 CMakeFiles/Tarefa_WLS0302.dir/home/davi/.pico-sdk/sdk/2.1.0/src/rp2_common/pico_double/double_init_rom_rp2040.c.o
                0x1000348c                __aeabi_double_init
 .text.double_table_shim_on_use_helper
                0x1000352c       0x2c CMakeFiles/Tarefa_WLS0302.dir/home/davi/.pico-sdk/sdk/2.1.0/src/rp2_common/pico_double/double_v1_rom_shim_rp2040.S.o
                0x1000352c                double_table_shim_on_use_helper
 .text.__aeabi_lmul
                0x10003558       0x32 CMakeFiles/Tarefa_WLS0302.dir/home/davi/.pico-sdk/sdk/2.1.0/src/rp2_common/pico_int64_ops/pico_int64_ops_aeabi.S.o
                0x10003558                __wrap___aeabi_lmul
 *fill*         0x1000358a        0x2 
 .text.__wrap___aeabi_farithmetic
                0x1000358c       0x48 CMakeFiles/Tarefa_WLS0302.dir/home/davi/.pico-sdk/sdk/2.1.0/src/rp2_common/pico_float/float_aeabi_rp2040.S.o
                0x1000358c                __wrap___aeabi_frsub
                0x10003592                __wrap___aeabi_fsub
                0x10003598                __wrap___aeabi_fadd
                0x1000359e                __wrap___aeabi_fdiv
                0x100035c6                __wrap___aeabi_fmul
 .text.__wrap___aeabi_ui2f
                0x100035d4        0xa CMakeFiles/Tarefa_WLS0302.dir/home/davi/.pico-sdk/sdk/2.1.0/src/rp2_common/pico_float/float_aeabi_rp2040.S.o
                0x100035d4                uint2float
                0x100035d4                __wrap___aeabi_ui2f
 *fill*         0x100035de        0x2 
 .text.__wrap___aeabi_i2f
                0x100035e0       0x44 CMakeFiles/Tarefa_WLS0302.dir/home/davi/.pico-sdk/sdk/2.1.0/src/rp2_common/pico_float/float_aeabi_rp2040.S.o
                0x100035e0                int2float
                0x100035e0                __wrap___aeabi_i2f
 .text.__wrap___aeabi_f2uiz
                0x10003624        0xc CMakeFiles/Tarefa_WLS0302.dir/home/davi/.pico-sdk/sdk/2.1.0/src/rp2_common/pico_float/float_aeabi_rp2040.S.o
                0x10003624                float2uint_z
                0x10003624                __wrap___aeabi_f2uiz
 .text.missing_float_func_shim
                0x10003630        0xc CMakeFiles/Tarefa_WLS0302.dir/home/davi/.pico-sdk/sdk/2.1.0/src/rp2_common/pico_float/float_init_rom_rp2040.c.o
 .text.__aeabi_float_init
                0x1000363c       0x5c CMakeFiles/Tarefa_WLS0302.dir/home/davi/.pico-sdk/sdk/2.1.0/src/rp2_common/pico_float/float_init_rom_rp2040.c.o
                0x1000363c                __aeabi_float_init
 .text.__wrap_malloc
                0x10003698       0x24 CMakeFiles/Tarefa_WLS0302.dir/home/davi/.pico-sdk/sdk/2.1.0/src/rp2_common/pico_malloc/malloc.c.o
                0x10003698                __wrap_malloc
 .text.__wrap_calloc
                0x100036bc       0x28 CMakeFiles/Tarefa_WLS0302.dir/home/davi/.pico-sdk/sdk/2.1.0/src/rp2_common/pico_malloc/malloc.c.o
                0x100036bc                __wrap_calloc
 .text.__wrap_realloc
                0x100036e4       0x24 CMakeFiles/Tarefa_WLS0302.dir/home/davi/.pico-sdk/sdk/2.1.0/src/rp2_common/pico_malloc/malloc.c.o
                0x100036e4                __wrap_realloc
 .text.__wrap_free
                0x10003708        0x8 CMakeFiles/Tarefa_WLS0302.dir/home/davi/.pico-sdk/sdk/2.1.0/src/rp2_common/pico_malloc/malloc.c.o
                0x10003708                __wrap_free
 .text          0x10003710       0x10 CMakeFiles/Tarefa_WLS0302.dir/home/davi/.pico-sdk/sdk/2.1.0/src/rp2_common/pico_mem_ops/mem_ops_aeabi.S.o
                0x10003710                __aeabi_mem_init
 .text.memset   0x10003720        0xc CMakeFiles/Tarefa_WLS0302.dir/home/davi/.pico-sdk/sdk/2.1.0/src/rp2_common/pico_mem_ops/mem_ops_aeabi.S.o
                0x10003720                __wrap_memset
 .text.memcpy   0x1000372c        0xc CMakeFiles/Tarefa_WLS0302.dir/home/davi/.pico-sdk/sdk/2.1.0/src/rp2_common/pico_mem_ops/mem_ops_aeabi.S.o
                0x1000372c                __wrap___aeabi_memcpy
                0x1000372c                __wrap_memcpy
 .text._out_buffer
                0x10003738        0x8 CMakeFiles/Tarefa_WLS0302.dir/home/davi/.pico-sdk/sdk/2.1.0/src/rp2_common/pico_printf/printf.c.o
 .text._out_null
                0x10003740        0x4 CMakeFiles/Tarefa_WLS0302.dir/home/davi/.pico-sdk/sdk/2.1.0/src/rp2_common/pico_printf/printf.c.o
 .text._out_rev
                0x10003744       0xac CMakeFiles/Tarefa_WLS0302.dir/home/davi/.pico-sdk/sdk/2.1.0/src/rp2_common/pico_printf/printf.c.o
 .text._ntoa_format
                0x100037f0      0x250 CMakeFiles/Tarefa_WLS0302.dir/home/davi/.pico-sdk/sdk/2.1.0/src/rp2_common/pico_printf/printf.c.o
 .text._out_char
                0x10003a40       0x10 CMakeFiles/Tarefa_WLS0302.dir/home/davi/.pico-sdk/sdk/2.1.0/src/rp2_common/pico_printf/printf.c.o
 .text._out_fct
                0x10003a50       0x10 CMakeFiles/Tarefa_WLS0302.dir/home/davi/.pico-sdk/sdk/2.1.0/src/rp2_common/pico_printf/printf.c.o
 .text._etoa    0x10003a60      0x464 CMakeFiles/Tarefa_WLS0302.dir/home/davi/.pico-sdk/sdk/2.1.0/src/rp2_common/pico_printf/printf.c.o
 .text._ftoa    0x10003ec4      0x3c0 CMakeFiles/Tarefa_WLS0302.dir/home/davi/.pico-sdk/sdk/2.1.0/src/rp2_common/pico_printf/printf.c.o
 .text._vsnprintf
                0x10004284      0xbc8 CMakeFiles/Tarefa_WLS0302.dir/home/davi/.pico-sdk/sdk/2.1.0/src/rp2_common/pico_printf/printf.c.o
 .text.__wrap_sprintf
                0x10004e4c       0x2c CMakeFiles/Tarefa_WLS0302.dir/home/davi/.pico-sdk/sdk/2.1.0/src/rp2_common/pico_printf/printf.c.o
                0x10004e4c                __wrap_sprintf
 .text.vfctprintf
                0x10004e78       0x20 CMakeFiles/Tarefa_WLS0302.dir/home/davi/.pico-sdk/sdk/2.1.0/src/rp2_common/pico_printf/printf.c.o
                0x10004e78                vfctprintf
 .text.weak_raw_printf
                0x10004e98       0x40 CMakeFiles/Tarefa_WLS0302.dir/home/davi/.pico-sdk/sdk/2.1.0/src/rp2_common/pico_printf/printf.c.o
                0x10004e98                weak_raw_printf
 .text.weak_raw_vprintf
                0x10004ed8       0x30 CMakeFiles/Tarefa_WLS0302.dir/home/davi/.pico-sdk/sdk/2.1.0/src/rp2_common/pico_printf/printf.c.o
                0x10004ed8                weak_raw_vprintf
 .text._exit    0x10004f08        0x4 CMakeFiles/Tarefa_WLS0302.dir/home/davi/.pico-sdk/sdk/2.1.0/src/rp2_common/pico_clib_interface/newlib_interface.c.o
                0x10004f08                _exit
 .text._sbrk    0x10004f0c       0x34 CMakeFiles/Tarefa_WLS0302.dir/home/davi/.pico-sdk/sdk/2.1.0/src/rp2_common/pico_clib_interface/newlib_interface.c.o
                0x10004f0c                _sbrk
 .text._read    0x10004f40       0x24 CMakeFiles/Tarefa_WLS0302.dir/home/davi/.pico-sdk/sdk/2.1.0/src/rp2_common/pico_clib_interface/newlib_interface.c.o
                0x10004f40                _read
 .text._write   0x10004f64       0x24 CMakeFiles/Tarefa_WLS0302.dir/home/davi/.pico-sdk/sdk/2.1.0/src/rp2_common/pico_clib_interface/newlib_interface.c.o
                0x10004f64                _write
 .text._close   0x10004f88        0x8 CMakeFiles/Tarefa_WLS0302.dir/home/davi/.pico-sdk/sdk/2.1.0/src/rp2_common/pico_clib_interface/newlib_interface.c.o
                0x10004f88                _close
 .text._lseek   0x10004f90        0x8 CMakeFiles/Tarefa_WLS0302.dir/home/davi/.pico-sdk/sdk/2.1.0/src/rp2_common/pico_clib_interface/newlib_interface.c.o
                0x10004f90                _lseek
 .text._fstat   0x10004f98        0x8 CMakeFiles/Tarefa_WLS0302.dir/home/davi/.pico-sdk/sdk/2.1.0/src/rp2_common/pico_clib_interface/newlib_interface.c.o
                0x10004f98                _fstat
 .text._isatty  0x10004fa0        0xc CMakeFiles/Tarefa_WLS0302.dir/home/davi/.pico-sdk/sdk/2.1.0/src/rp2_common/pico_clib_interface/newlib_interface.c.o
                0x10004fa0                _isatty
 .text.exit     0x10004fac        0x8 CMakeFiles/Tarefa_WLS0302.dir/home/davi/.pico-sdk/sdk/2.1.0/src/rp2_common/pico_clib_interface/newlib_interface.c.o
                0x10004fac                exit
 .text.__assert_func
                0x10004fb4       0x38 CMakeFiles/Tarefa_WLS0302.dir/home/davi/.pico-sdk/sdk/2.1.0/src/rp2_common/pico_clib_interface/newlib_interface.c.o
                0x10004fb4                __assert_func
 .text.runtime_init
                0x10004fec       0x2c CMakeFiles/Tarefa_WLS0302.dir/home/davi/.pico-sdk/sdk/2.1.0/src/rp2_common/pico_clib_interface/newlib_interface.c.o
                0x10004fec                runtime_init
 .text.stdio_out_chars_no_crlf
                0x10005018       0x10 CMakeFiles/Tarefa_WLS0302.dir/home/davi/.pico-sdk/sdk/2.1.0/src/rp2_common/pico_stdio/stdio.c.o
 .text.stdio_out_chars_crlf
                0x10005028       0x94 CMakeFiles/Tarefa_WLS0302.dir/home/davi/.pico-sdk/sdk/2.1.0/src/rp2_common/pico_stdio/stdio.c.o
 .text.stdio_buffered_printer
                0x100050bc       0x64 CMakeFiles/Tarefa_WLS0302.dir/home/davi/.pico-sdk/sdk/2.1.0/src/rp2_common/pico_stdio/stdio.c.o
 .text.stdio_put_string
                0x10005120      0x100 CMakeFiles/Tarefa_WLS0302.dir/home/davi/.pico-sdk/sdk/2.1.0/src/rp2_common/pico_stdio/stdio.c.o
                0x10005120                stdio_put_string
 .text.stdio_get_until
                0x10005220       0x84 CMakeFiles/Tarefa_WLS0302.dir/home/davi/.pico-sdk/sdk/2.1.0/src/rp2_common/pico_stdio/stdio.c.o
                0x10005220                stdio_get_until
 .text.stdio_set_driver_enabled
                0x100052a4       0x30 CMakeFiles/Tarefa_WLS0302.dir/home/davi/.pico-sdk/sdk/2.1.0/src/rp2_common/pico_stdio/stdio.c.o
                0x100052a4                stdio_set_driver_enabled
 .text.stdio_init_all
                0x100052d4       0x10 CMakeFiles/Tarefa_WLS0302.dir/home/davi/.pico-sdk/sdk/2.1.0/src/rp2_common/pico_stdio/stdio.c.o
                0x100052d4                stdio_init_all
 .text.__wrap_putchar
                0x100052e4       0x98 CMakeFiles/Tarefa_WLS0302.dir/home/davi/.pico-sdk/sdk/2.1.0/src/rp2_common/pico_stdio/stdio.c.o
                0x100052e4                stdio_putchar
                0x100052e4                __wrap_putchar
 .text.__wrap_puts
                0x1000537c       0x3c CMakeFiles/Tarefa_WLS0302.dir/home/davi/.pico-sdk/sdk/2.1.0/src/rp2_common/pico_stdio/stdio.c.o
                0x1000537c                __wrap_puts
                0x1000537c                stdio_puts
 .text.__wrap_vprintf
                0x100053b8       0xd4 CMakeFiles/Tarefa_WLS0302.dir/home/davi/.pico-sdk/sdk/2.1.0/src/rp2_common/pico_stdio/stdio.c.o
                0x100053b8                __wrap_vprintf
                0x100053b8                stdio_vprintf
 .text.__wrap_printf
                0x1000548c       0x18 CMakeFiles/Tarefa_WLS0302.dir/home/davi/.pico-sdk/sdk/2.1.0/src/rp2_common/pico_stdio/stdio.c.o
                0x1000548c                stdio_printf
                0x1000548c                __wrap_printf
 .text.stdio_uart_out_chars
                0x100054a4       0x4c CMakeFiles/Tarefa_WLS0302.dir/home/davi/.pico-sdk/sdk/2.1.0/src/rp2_common/pico_stdio_uart/stdio_uart.c.o
 .text.stdio_uart_in_chars
                0x100054f0       0x90 CMakeFiles/Tarefa_WLS0302.dir/home/davi/.pico-sdk/sdk/2.1.0/src/rp2_common/pico_stdio_uart/stdio_uart.c.o
                0x100054f0                stdio_uart_in_chars
 .text.on_uart_rx
                0x10005580       0x28 CMakeFiles/Tarefa_WLS0302.dir/home/davi/.pico-sdk/sdk/2.1.0/src/rp2_common/pico_stdio_uart/stdio_uart.c.o
 .text.stdio_uart_out_flush
                0x100055a8       0x14 CMakeFiles/Tarefa_WLS0302.dir/home/davi/.pico-sdk/sdk/2.1.0/src/rp2_common/pico_stdio_uart/stdio_uart.c.o
 .text.stdio_uart_set_chars_available_callback
                0x100055bc       0x84 CMakeFiles/Tarefa_WLS0302.dir/home/davi/.pico-sdk/sdk/2.1.0/src/rp2_common/pico_stdio_uart/stdio_uart.c.o
 .text.stdio_uart_init
                0x10005640       0x50 CMakeFiles/Tarefa_WLS0302.dir/home/davi/.pico-sdk/sdk/2.1.0/src/rp2_common/pico_stdio_uart/stdio_uart.c.o
                0x10005640                stdio_uart_init
 .text.resetd_init
                0x10005690        0x4 CMakeFiles/Tarefa_WLS0302.dir/home/davi/.pico-sdk/sdk/2.1.0/src/rp2_common/pico_stdio_usb/reset_interface.c.o
 .text.resetd_reset
                0x10005694        0xc CMakeFiles/Tarefa_WLS0302.dir/home/davi/.pico-sdk/sdk/2.1.0/src/rp2_common/pico_stdio_usb/reset_interface.c.o
 .text.resetd_open
                0x100056a0       0x28 CMakeFiles/Tarefa_WLS0302.dir/home/davi/.pico-sdk/sdk/2.1.0/src/rp2_common/pico_stdio_usb/reset_interface.c.o
 .text.resetd_xfer_cb
                0x100056c8        0x4 CMakeFiles/Tarefa_WLS0302.dir/home/davi/.pico-sdk/sdk/2.1.0/src/rp2_common/pico_stdio_usb/reset_interface.c.o
 .text.resetd_control_xfer_cb
                0x100056cc       0x5c CMakeFiles/Tarefa_WLS0302.dir/home/davi/.pico-sdk/sdk/2.1.0/src/rp2_common/pico_stdio_usb/reset_interface.c.o
 .text.tud_descriptor_bos_cb
                0x10005728        0x8 CMakeFiles/Tarefa_WLS0302.dir/home/davi/.pico-sdk/sdk/2.1.0/src/rp2_common/pico_stdio_usb/reset_interface.c.o
                0x10005728                tud_descriptor_bos_cb
 .text.tud_vendor_control_xfer_cb
                0x10005730       0x34 CMakeFiles/Tarefa_WLS0302.dir/home/davi/.pico-sdk/sdk/2.1.0/src/rp2_common/pico_stdio_usb/reset_interface.c.o
                0x10005730                tud_vendor_control_xfer_cb
 .text.usbd_app_driver_get_cb
                0x10005764        0xc CMakeFiles/Tarefa_WLS0302.dir/home/davi/.pico-sdk/sdk/2.1.0/src/rp2_common/pico_stdio_usb/reset_interface.c.o
                0x10005764                usbd_app_driver_get_cb
 .text.tud_cdc_line_coding_cb
                0x10005770       0x2c CMakeFiles/Tarefa_WLS0302.dir/home/davi/.pico-sdk/sdk/2.1.0/src/rp2_common/pico_stdio_usb/reset_interface.c.o
                0x10005770                tud_cdc_line_coding_cb
 .text.stdio_usb_set_chars_available_callback
                0x1000579c       0x14 CMakeFiles/Tarefa_WLS0302.dir/home/davi/.pico-sdk/sdk/2.1.0/src/rp2_common/pico_stdio_usb/stdio_usb.c.o
                0x1000579c                stdio_usb_set_chars_available_callback
 .text.usb_irq  0x100057b0       0x10 CMakeFiles/Tarefa_WLS0302.dir/home/davi/.pico-sdk/sdk/2.1.0/src/rp2_common/pico_stdio_usb/stdio_usb.c.o
 .text.timer_task
                0x100057c0       0x64 CMakeFiles/Tarefa_WLS0302.dir/home/davi/.pico-sdk/sdk/2.1.0/src/rp2_common/pico_stdio_usb/stdio_usb.c.o
 .text.stdio_usb_in_chars
                0x10005824       0x90 CMakeFiles/Tarefa_WLS0302.dir/home/davi/.pico-sdk/sdk/2.1.0/src/rp2_common/pico_stdio_usb/stdio_usb.c.o
                0x10005824                stdio_usb_in_chars
 .text.stdio_usb_out_flush
                0x100058b4       0x50 CMakeFiles/Tarefa_WLS0302.dir/home/davi/.pico-sdk/sdk/2.1.0/src/rp2_common/pico_stdio_usb/stdio_usb.c.o
 .text.stdio_usb_out_chars
                0x10005904      0x104 CMakeFiles/Tarefa_WLS0302.dir/home/davi/.pico-sdk/sdk/2.1.0/src/rp2_common/pico_stdio_usb/stdio_usb.c.o
 .text.low_priority_worker_irq
                0x10005a08       0xcc CMakeFiles/Tarefa_WLS0302.dir/home/davi/.pico-sdk/sdk/2.1.0/src/rp2_common/pico_stdio_usb/stdio_usb.c.o
 .text.stdio_usb_init
                0x10005ad4       0xe8 CMakeFiles/Tarefa_WLS0302.dir/home/davi/.pico-sdk/sdk/2.1.0/src/rp2_common/pico_stdio_usb/stdio_usb.c.o
                0x10005ad4                stdio_usb_init
 .text.stdio_usb_connected
                0x10005bbc        0xc CMakeFiles/Tarefa_WLS0302.dir/home/davi/.pico-sdk/sdk/2.1.0/src/rp2_common/pico_stdio_usb/stdio_usb.c.o
                0x10005bbc                stdio_usb_connected
 .text.tud_descriptor_device_cb
                0x10005bc8        0x8 CMakeFiles/Tarefa_WLS0302.dir/home/davi/.pico-sdk/sdk/2.1.0/src/rp2_common/pico_stdio_usb/stdio_usb_descriptors.c.o
                0x10005bc8                tud_descriptor_device_cb
 .text.tud_descriptor_configuration_cb
                0x10005bd0        0x8 CMakeFiles/Tarefa_WLS0302.dir/home/davi/.pico-sdk/sdk/2.1.0/src/rp2_common/pico_stdio_usb/stdio_usb_descriptors.c.o
                0x10005bd0                tud_descriptor_configuration_cb
 .text.tud_descriptor_string_cb
                0x10005bd8       0x78 CMakeFiles/Tarefa_WLS0302.dir/home/davi/.pico-sdk/sdk/2.1.0/src/rp2_common/pico_stdio_usb/stdio_usb_descriptors.c.o
                0x10005bd8                tud_descriptor_string_cb
 .text.startup._retrieve_unique_id_on_boot
                0x10005c50       0x10 CMakeFiles/Tarefa_WLS0302.dir/home/davi/.pico-sdk/sdk/2.1.0/src/rp2_common/pico_unique_id/unique_id.c.o
 .text.pico_get_unique_board_id_string
                0x10005c60      0x1a8 CMakeFiles/Tarefa_WLS0302.dir/home/davi/.pico-sdk/sdk/2.1.0/src/rp2_common/pico_unique_id/unique_id.c.o
                0x10005c60                pico_get_unique_board_id_string
 .text.flash_get_unique_id
                0x10005e08       0x3c CMakeFiles/Tarefa_WLS0302.dir/home/davi/.pico-sdk/sdk/2.1.0/src/rp2_common/hardware_flash/flash.c.o
                0x10005e08                flash_get_unique_id
 .text.dcd_init
                0x10005e44       0x8c CMakeFiles/Tarefa_WLS0302.dir/home/davi/.pico-sdk/sdk/2.1.0/lib/tinyusb/src/portable/raspberrypi/rp2040/dcd_rp2040.c.o
                0x10005e44                dcd_init
 .text.dcd_int_enable
                0x10005ed0        0xc CMakeFiles/Tarefa_WLS0302.dir/home/davi/.pico-sdk/sdk/2.1.0/lib/tinyusb/src/portable/raspberrypi/rp2040/dcd_rp2040.c.o
                0x10005ed0                dcd_int_enable
 .text.dcd_set_address
                0x10005edc       0x14 CMakeFiles/Tarefa_WLS0302.dir/home/davi/.pico-sdk/sdk/2.1.0/lib/tinyusb/src/portable/raspberrypi/rp2040/dcd_rp2040.c.o
                0x10005edc                dcd_set_address
 .text.dcd_sof_enable
                0x10005ef0       0x1c CMakeFiles/Tarefa_WLS0302.dir/home/davi/.pico-sdk/sdk/2.1.0/lib/tinyusb/src/portable/raspberrypi/rp2040/dcd_rp2040.c.o
                0x10005ef0                dcd_sof_enable
 .text.dcd_edpt0_status_complete
                0x10005f0c       0x1c CMakeFiles/Tarefa_WLS0302.dir/home/davi/.pico-sdk/sdk/2.1.0/lib/tinyusb/src/portable/raspberrypi/rp2040/dcd_rp2040.c.o
                0x10005f0c                dcd_edpt0_status_complete
 .text.dcd_edpt_open
                0x10005f28      0x108 CMakeFiles/Tarefa_WLS0302.dir/home/davi/.pico-sdk/sdk/2.1.0/lib/tinyusb/src/portable/raspberrypi/rp2040/dcd_rp2040.c.o
                0x10005f28                dcd_edpt_open
 .text.dcd_edpt_close_all
                0x10006030        0x8 CMakeFiles/Tarefa_WLS0302.dir/home/davi/.pico-sdk/sdk/2.1.0/lib/tinyusb/src/portable/raspberrypi/rp2040/dcd_rp2040.c.o
                0x10006030                dcd_edpt_close_all
 .text.dcd_edpt_xfer
                0x10006038       0x24 CMakeFiles/Tarefa_WLS0302.dir/home/davi/.pico-sdk/sdk/2.1.0/lib/tinyusb/src/portable/raspberrypi/rp2040/dcd_rp2040.c.o
                0x10006038                dcd_edpt_xfer
 .text.dcd_edpt_stall
                0x1000605c       0x34 CMakeFiles/Tarefa_WLS0302.dir/home/davi/.pico-sdk/sdk/2.1.0/lib/tinyusb/src/portable/raspberrypi/rp2040/dcd_rp2040.c.o
                0x1000605c                dcd_edpt_stall
 .text.dcd_edpt_clear_stall
                0x10006090       0x30 CMakeFiles/Tarefa_WLS0302.dir/home/davi/.pico-sdk/sdk/2.1.0/lib/tinyusb/src/portable/raspberrypi/rp2040/dcd_rp2040.c.o
                0x10006090                dcd_edpt_clear_stall
 .text.rp2040_usb_init
                0x100060c0       0x40 CMakeFiles/Tarefa_WLS0302.dir/home/davi/.pico-sdk/sdk/2.1.0/lib/tinyusb/src/portable/raspberrypi/rp2040/rp2040_usb.c.o
                0x100060c0                rp2040_usb_init
 .text.hw_endpoint_xfer_start
                0x10006100       0x40 CMakeFiles/Tarefa_WLS0302.dir/home/davi/.pico-sdk/sdk/2.1.0/lib/tinyusb/src/portable/raspberrypi/rp2040/rp2040_usb.c.o
                0x10006100                hw_endpoint_xfer_start
 .text.tud_event_hook_cb
                0x10006140        0x4 CMakeFiles/Tarefa_WLS0302.dir/home/davi/.pico-sdk/sdk/2.1.0/lib/tinyusb/src/device/usbd.c.o
                0x10006140                tud_event_hook_cb
 .text.tud_sof_cb
                0x10006144        0x4 CMakeFiles/Tarefa_WLS0302.dir/home/davi/.pico-sdk/sdk/2.1.0/lib/tinyusb/src/device/usbd.c.o
                0x10006144                tud_sof_cb
 .text.tud_descriptor_device_qualifier_cb
                0x10006148        0x4 CMakeFiles/Tarefa_WLS0302.dir/home/davi/.pico-sdk/sdk/2.1.0/lib/tinyusb/src/device/usbd.c.o
                0x10006148                tud_descriptor_device_qualifier_cb
 .text.tud_descriptor_other_speed_configuration_cb
                0x1000614c        0x4 CMakeFiles/Tarefa_WLS0302.dir/home/davi/.pico-sdk/sdk/2.1.0/lib/tinyusb/src/device/usbd.c.o
                0x1000614c                tud_descriptor_other_speed_configuration_cb
 .text.tud_mount_cb
                0x10006150        0x4 CMakeFiles/Tarefa_WLS0302.dir/home/davi/.pico-sdk/sdk/2.1.0/lib/tinyusb/src/device/usbd.c.o
                0x10006150                tud_mount_cb
 .text.tud_umount_cb
                0x10006154        0x4 CMakeFiles/Tarefa_WLS0302.dir/home/davi/.pico-sdk/sdk/2.1.0/lib/tinyusb/src/device/usbd.c.o
                0x10006154                tud_umount_cb
 .text.tud_suspend_cb
                0x10006158        0x4 CMakeFiles/Tarefa_WLS0302.dir/home/davi/.pico-sdk/sdk/2.1.0/lib/tinyusb/src/device/usbd.c.o
                0x10006158                tud_suspend_cb
 .text.tud_resume_cb
                0x1000615c        0x4 CMakeFiles/Tarefa_WLS0302.dir/home/davi/.pico-sdk/sdk/2.1.0/lib/tinyusb/src/device/usbd.c.o
                0x1000615c                tud_resume_cb
 .text.tud_mounted
                0x10006160       0x10 CMakeFiles/Tarefa_WLS0302.dir/home/davi/.pico-sdk/sdk/2.1.0/lib/tinyusb/src/device/usbd.c.o
                0x10006160                tud_mounted
 .text.tud_suspended
                0x10006170       0x10 CMakeFiles/Tarefa_WLS0302.dir/home/davi/.pico-sdk/sdk/2.1.0/lib/tinyusb/src/device/usbd.c.o
                0x10006170                tud_suspended
 .text.tud_init
                0x10006180       0xe4 CMakeFiles/Tarefa_WLS0302.dir/home/davi/.pico-sdk/sdk/2.1.0/lib/tinyusb/src/device/usbd.c.o
                0x10006180                tud_init
 .text.tud_task_ext
                0x10006264      0x800 CMakeFiles/Tarefa_WLS0302.dir/home/davi/.pico-sdk/sdk/2.1.0/lib/tinyusb/src/device/usbd.c.o
                0x10006264                tud_task_ext
 .text.usbd_open_edpt_pair
                0x10006a64       0x9c CMakeFiles/Tarefa_WLS0302.dir/home/davi/.pico-sdk/sdk/2.1.0/lib/tinyusb/src/device/usbd.c.o
                0x10006a64                usbd_open_edpt_pair
 .text.usbd_edpt_open
                0x10006b00       0x34 CMakeFiles/Tarefa_WLS0302.dir/home/davi/.pico-sdk/sdk/2.1.0/lib/tinyusb/src/device/usbd.c.o
                0x10006b00                usbd_edpt_open
 .text.usbd_edpt_claim
                0x10006b34       0x28 CMakeFiles/Tarefa_WLS0302.dir/home/davi/.pico-sdk/sdk/2.1.0/lib/tinyusb/src/device/usbd.c.o
                0x10006b34                usbd_edpt_claim
 .text.usbd_edpt_release
                0x10006b5c       0x28 CMakeFiles/Tarefa_WLS0302.dir/home/davi/.pico-sdk/sdk/2.1.0/lib/tinyusb/src/device/usbd.c.o
                0x10006b5c                usbd_edpt_release
 .text.usbd_edpt_xfer
                0x10006b84       0x4c CMakeFiles/Tarefa_WLS0302.dir/home/davi/.pico-sdk/sdk/2.1.0/lib/tinyusb/src/device/usbd.c.o
                0x10006b84                usbd_edpt_xfer
 .text.tud_control_status
                0x10006bd0       0x2c CMakeFiles/Tarefa_WLS0302.dir/home/davi/.pico-sdk/sdk/2.1.0/lib/tinyusb/src/device/usbd_control.c.o
                0x10006bd0                tud_control_status
 .text.tud_control_xfer
                0x10006bfc       0xac CMakeFiles/Tarefa_WLS0302.dir/home/davi/.pico-sdk/sdk/2.1.0/lib/tinyusb/src/device/usbd_control.c.o
                0x10006bfc                tud_control_xfer
 .text.usbd_control_reset
                0x10006ca8       0x14 CMakeFiles/Tarefa_WLS0302.dir/home/davi/.pico-sdk/sdk/2.1.0/lib/tinyusb/src/device/usbd_control.c.o
                0x10006ca8                usbd_control_reset
 .text.usbd_control_set_complete_callback
                0x10006cbc        0xc CMakeFiles/Tarefa_WLS0302.dir/home/davi/.pico-sdk/sdk/2.1.0/lib/tinyusb/src/device/usbd_control.c.o
                0x10006cbc                usbd_control_set_complete_callback
 .text.usbd_control_set_request
                0x10006cc8       0x1c CMakeFiles/Tarefa_WLS0302.dir/home/davi/.pico-sdk/sdk/2.1.0/lib/tinyusb/src/device/usbd_control.c.o
                0x10006cc8                usbd_control_set_request
 .text.usbd_control_xfer_cb
                0x10006ce4       0xec CMakeFiles/Tarefa_WLS0302.dir/home/davi/.pico-sdk/sdk/2.1.0/lib/tinyusb/src/device/usbd_control.c.o
                0x10006ce4                usbd_control_xfer_cb
 .text._prep_out_transaction.isra.0
                0x10006dd0       0x5c CMakeFiles/Tarefa_WLS0302.dir/home/davi/.pico-sdk/sdk/2.1.0/lib/tinyusb/src/class/cdc/cdc_device.c.o
 .text.tud_cdc_n_connected
                0x10006e2c       0x30 CMakeFiles/Tarefa_WLS0302.dir/home/davi/.pico-sdk/sdk/2.1.0/lib/tinyusb/src/class/cdc/cdc_device.c.o
                0x10006e2c                tud_cdc_n_connected
 .text.tud_cdc_n_available
                0x10006e5c       0x18 CMakeFiles/Tarefa_WLS0302.dir/home/davi/.pico-sdk/sdk/2.1.0/lib/tinyusb/src/class/cdc/cdc_device.c.o
                0x10006e5c                tud_cdc_n_available
 .text.tud_cdc_n_read
                0x10006e74       0x98 CMakeFiles/Tarefa_WLS0302.dir/home/davi/.pico-sdk/sdk/2.1.0/lib/tinyusb/src/class/cdc/cdc_device.c.o
                0x10006e74                tud_cdc_n_read
 .text.tud_cdc_n_write_flush
                0x10006f0c       0x78 CMakeFiles/Tarefa_WLS0302.dir/home/davi/.pico-sdk/sdk/2.1.0/lib/tinyusb/src/class/cdc/cdc_device.c.o
                0x10006f0c                tud_cdc_n_write_flush
 .text.tud_cdc_n_write
                0x10006f84       0x40 CMakeFiles/Tarefa_WLS0302.dir/home/davi/.pico-sdk/sdk/2.1.0/lib/tinyusb/src/class/cdc/cdc_device.c.o
                0x10006f84                tud_cdc_n_write
 .text.tud_cdc_n_write_available
                0x10006fc4       0x18 CMakeFiles/Tarefa_WLS0302.dir/home/davi/.pico-sdk/sdk/2.1.0/lib/tinyusb/src/class/cdc/cdc_device.c.o
                0x10006fc4                tud_cdc_n_write_available
 .text.cdcd_init
                0x10006fdc       0x7c CMakeFiles/Tarefa_WLS0302.dir/home/davi/.pico-sdk/sdk/2.1.0/lib/tinyusb/src/class/cdc/cdc_device.c.o
                0x10006fdc                cdcd_init
 .text.cdcd_deinit
                0x10007058       0x34 CMakeFiles/Tarefa_WLS0302.dir/home/davi/.pico-sdk/sdk/2.1.0/lib/tinyusb/src/class/cdc/cdc_device.c.o
                0x10007058                cdcd_deinit
 .text.cdcd_reset
                0x1000708c       0x4c CMakeFiles/Tarefa_WLS0302.dir/home/davi/.pico-sdk/sdk/2.1.0/lib/tinyusb/src/class/cdc/cdc_device.c.o
                0x1000708c                cdcd_reset
 .text.cdcd_open
                0x100070d8       0xb0 CMakeFiles/Tarefa_WLS0302.dir/home/davi/.pico-sdk/sdk/2.1.0/lib/tinyusb/src/class/cdc/cdc_device.c.o
                0x100070d8                cdcd_open
 .text.cdcd_control_xfer_cb
                0x10007188       0xe4 CMakeFiles/Tarefa_WLS0302.dir/home/davi/.pico-sdk/sdk/2.1.0/lib/tinyusb/src/class/cdc/cdc_device.c.o
                0x10007188                cdcd_control_xfer_cb
 .text.cdcd_xfer_cb
                0x1000726c      0x100 CMakeFiles/Tarefa_WLS0302.dir/home/davi/.pico-sdk/sdk/2.1.0/lib/tinyusb/src/class/cdc/cdc_device.c.o
                0x1000726c                cdcd_xfer_cb
 .text.vendord_init
                0x1000736c       0x5c CMakeFiles/Tarefa_WLS0302.dir/home/davi/.pico-sdk/sdk/2.1.0/lib/tinyusb/src/class/vendor/vendor_device.c.o
                0x1000736c                vendord_init
 .text.vendord_deinit
                0x100073c8       0x1c CMakeFiles/Tarefa_WLS0302.dir/home/davi/.pico-sdk/sdk/2.1.0/lib/tinyusb/src/class/vendor/vendor_device.c.o
                0x100073c8                vendord_deinit
 .text.vendord_reset
                0x100073e4       0x20 CMakeFiles/Tarefa_WLS0302.dir/home/davi/.pico-sdk/sdk/2.1.0/lib/tinyusb/src/class/vendor/vendor_device.c.o
                0x100073e4                vendord_reset
 .text.vendord_open
                0x10007404      0x138 CMakeFiles/Tarefa_WLS0302.dir/home/davi/.pico-sdk/sdk/2.1.0/lib/tinyusb/src/class/vendor/vendor_device.c.o
                0x10007404                vendord_open
 .text.vendord_xfer_cb
                0x1000753c       0x9c CMakeFiles/Tarefa_WLS0302.dir/home/davi/.pico-sdk/sdk/2.1.0/lib/tinyusb/src/class/vendor/vendor_device.c.o
                0x1000753c                vendord_xfer_cb
 .text.tusb_init
                0x100075d8        0xc CMakeFiles/Tarefa_WLS0302.dir/home/davi/.pico-sdk/sdk/2.1.0/lib/tinyusb/src/tusb.c.o
                0x100075d8                tusb_init
 .text.tu_edpt_claim
                0x100075e4       0x50 CMakeFiles/Tarefa_WLS0302.dir/home/davi/.pico-sdk/sdk/2.1.0/lib/tinyusb/src/tusb.c.o
                0x100075e4                tu_edpt_claim
 .text.tu_edpt_release
                0x10007634       0x38 CMakeFiles/Tarefa_WLS0302.dir/home/davi/.pico-sdk/sdk/2.1.0/lib/tinyusb/src/tusb.c.o
                0x10007634                tu_edpt_release
 .text.tu_edpt_validate
                0x1000766c       0x7c CMakeFiles/Tarefa_WLS0302.dir/home/davi/.pico-sdk/sdk/2.1.0/lib/tinyusb/src/tusb.c.o
                0x1000766c                tu_edpt_validate
 .text.tu_edpt_bind_driver
                0x100076e8       0x34 CMakeFiles/Tarefa_WLS0302.dir/home/davi/.pico-sdk/sdk/2.1.0/lib/tinyusb/src/tusb.c.o
                0x100076e8                tu_edpt_bind_driver
 .text.tu_edpt_stream_init
                0x1000771c       0x6c CMakeFiles/Tarefa_WLS0302.dir/home/davi/.pico-sdk/sdk/2.1.0/lib/tinyusb/src/tusb.c.o
                0x1000771c                tu_edpt_stream_init
 .text.tu_edpt_stream_deinit
                0x10007788        0x4 CMakeFiles/Tarefa_WLS0302.dir/home/davi/.pico-sdk/sdk/2.1.0/lib/tinyusb/src/tusb.c.o
                0x10007788                tu_edpt_stream_deinit
 .text.tu_edpt_stream_write_zlp_if_needed
                0x1000778c       0x68 CMakeFiles/Tarefa_WLS0302.dir/home/davi/.pico-sdk/sdk/2.1.0/lib/tinyusb/src/tusb.c.o
                0x1000778c                tu_edpt_stream_write_zlp_if_needed
 .text.tu_edpt_stream_write_xfer
                0x100077f4       0x64 CMakeFiles/Tarefa_WLS0302.dir/home/davi/.pico-sdk/sdk/2.1.0/lib/tinyusb/src/tusb.c.o
                0x100077f4                tu_edpt_stream_write_xfer
 .text.tu_edpt_stream_read_xfer
                0x10007858       0xdc CMakeFiles/Tarefa_WLS0302.dir/home/davi/.pico-sdk/sdk/2.1.0/lib/tinyusb/src/tusb.c.o
                0x10007858                tu_edpt_stream_read_xfer
 .text.tu_fifo_config
                0x10007934       0x6c CMakeFiles/Tarefa_WLS0302.dir/home/davi/.pico-sdk/sdk/2.1.0/lib/tinyusb/src/common/tusb_fifo.c.o
                0x10007934                tu_fifo_config
 .text.tu_fifo_count
                0x100079a0       0x2c CMakeFiles/Tarefa_WLS0302.dir/home/davi/.pico-sdk/sdk/2.1.0/lib/tinyusb/src/common/tusb_fifo.c.o
                0x100079a0                tu_fifo_count
 .text.tu_fifo_empty
                0x100079cc       0x10 CMakeFiles/Tarefa_WLS0302.dir/home/davi/.pico-sdk/sdk/2.1.0/lib/tinyusb/src/common/tusb_fifo.c.o
                0x100079cc                tu_fifo_empty
 .text.tu_fifo_remaining
                0x100079dc       0x2c CMakeFiles/Tarefa_WLS0302.dir/home/davi/.pico-sdk/sdk/2.1.0/lib/tinyusb/src/common/tusb_fifo.c.o
                0x100079dc                tu_fifo_remaining
 .text.tu_fifo_read
                0x10007a08       0x9c CMakeFiles/Tarefa_WLS0302.dir/home/davi/.pico-sdk/sdk/2.1.0/lib/tinyusb/src/common/tusb_fifo.c.o
                0x10007a08                tu_fifo_read
 .text.tu_fifo_read_n
                0x10007aa4       0xe8 CMakeFiles/Tarefa_WLS0302.dir/home/davi/.pico-sdk/sdk/2.1.0/lib/tinyusb/src/common/tusb_fifo.c.o
                0x10007aa4                tu_fifo_read_n
 .text.tu_fifo_write
                0x10007b8c       0xa8 CMakeFiles/Tarefa_WLS0302.dir/home/davi/.pico-sdk/sdk/2.1.0/lib/tinyusb/src/common/tusb_fifo.c.o
                0x10007b8c                tu_fifo_write
 .text.tu_fifo_write_n
                0x10007c34      0x178 CMakeFiles/Tarefa_WLS0302.dir/home/davi/.pico-sdk/sdk/2.1.0/lib/tinyusb/src/common/tusb_fifo.c.o
                0x10007c34                tu_fifo_write_n
 .text.tu_fifo_clear
                0x10007dac       0x40 CMakeFiles/Tarefa_WLS0302.dir/home/davi/.pico-sdk/sdk/2.1.0/lib/tinyusb/src/common/tusb_fifo.c.o
                0x10007dac                tu_fifo_clear
 .text.tu_fifo_set_overwritable
                0x10007dec       0x48 CMakeFiles/Tarefa_WLS0302.dir/home/davi/.pico-sdk/sdk/2.1.0/lib/tinyusb/src/common/tusb_fifo.c.o
                0x10007dec                tu_fifo_set_overwritable
 .text.i2c_write_blocking_internal.constprop.0
                0x10007e34       0xd0 CMakeFiles/Tarefa_WLS0302.dir/home/davi/.pico-sdk/sdk/2.1.0/src/rp2_common/hardware_i2c/i2c.c.o
 .text.i2c_set_baudrate
                0x10007f04       0xc0 CMakeFiles/Tarefa_WLS0302.dir/home/davi/.pico-sdk/sdk/2.1.0/src/rp2_common/hardware_i2c/i2c.c.o
                0x10007f04                i2c_set_baudrate
 .text.i2c_init
                0x10007fc4       0x50 CMakeFiles/Tarefa_WLS0302.dir/home/davi/.pico-sdk/sdk/2.1.0/src/rp2_common/hardware_i2c/i2c.c.o
                0x10007fc4                i2c_init
 .text.i2c_write_blocking
                0x10008014       0x14 CMakeFiles/Tarefa_WLS0302.dir/home/davi/.pico-sdk/sdk/2.1.0/src/rp2_common/hardware_i2c/i2c.c.o
                0x10008014                i2c_write_blocking
 .text.pio_claim_unused_sm
                0x10008028       0x38 CMakeFiles/Tarefa_WLS0302.dir/home/davi/.pico-sdk/sdk/2.1.0/src/rp2_common/hardware_pio/pio.c.o
                0x10008028                pio_claim_unused_sm
 .text.pio_add_program
                0x10008060      0x104 CMakeFiles/Tarefa_WLS0302.dir/home/davi/.pico-sdk/sdk/2.1.0/src/rp2_common/hardware_pio/pio.c.o
                0x10008060                pio_add_program
 .text.pio_sm_set_consecutive_pindirs
                0x10008164       0xb4 CMakeFiles/Tarefa_WLS0302.dir/home/davi/.pico-sdk/sdk/2.1.0/src/rp2_common/hardware_pio/pio.c.o
                0x10008164                pio_sm_set_consecutive_pindirs
 .text.pio_sm_init
                0x10008218       0x9c CMakeFiles/Tarefa_WLS0302.dir/home/davi/.pico-sdk/sdk/2.1.0/src/rp2_common/hardware_pio/pio.c.o
                0x10008218                pio_sm_init
 .text.strlen   0x100082b4       0x5c /home/davi/.pico-sdk/toolchain/13_3_Rel1/bin/../lib/gcc/arm-none-eabi/13.3.1/../../../../arm-none-eabi/lib/thumb/v6-m/nofp/libg.a(libc_a-strlen-stub.o)
                0x100082b4                strlen
 .text.scanf    0x10008310       0x24 /home/davi/.pico-sdk/toolchain/13_3_Rel1/bin/../lib/gcc/arm-none-eabi/13.3.1/../../../../arm-none-eabi/lib/thumb/v6-m/nofp/libg.a(libc_a-scanf.o)
                0x10008310                scanf
 .text.malloc   0x10008334       0x14 /home/davi/.pico-sdk/toolchain/13_3_Rel1/bin/../lib/gcc/arm-none-eabi/13.3.1/../../../../arm-none-eabi/lib/thumb/v6-m/nofp/libg.a(libc_a-malloc.o)
                0x10008334                malloc
 .text.free     0x10008348       0x14 /home/davi/.pico-sdk/toolchain/13_3_Rel1/bin/../lib/gcc/arm-none-eabi/13.3.1/../../../../arm-none-eabi/lib/thumb/v6-m/nofp/libg.a(libc_a-malloc.o)
                0x10008348                free
 .text._malloc_r
                0x1000835c      0x5c4 /home/davi/.pico-sdk/toolchain/13_3_Rel1/bin/../lib/gcc/arm-none-eabi/13.3.1/../../../../arm-none-eabi/lib/thumb/v6-m/nofp/libg.a(libc_a-mallocr.o)
                0x1000835c                _malloc_r
 .text._sbrk_r  0x10008920       0x24 /home/davi/.pico-sdk/toolchain/13_3_Rel1/bin/../lib/gcc/arm-none-eabi/13.3.1/../../../../arm-none-eabi/lib/thumb/v6-m/nofp/libg.a(libc_a-sbrkr.o)
                0x10008920                _sbrk_r
 .text.__svfscanf_r
                0x10008944     0x18a8 /home/davi/.pico-sdk/toolchain/13_3_Rel1/bin/../lib/gcc/arm-none-eabi/13.3.1/../../../../arm-none-eabi/lib/thumb/v6-m/nofp/libg.a(libc_a-vfscanf.o)
                0x10008944                __svfscanf_r
 .text._vfscanf_r
                0x1000a1ec       0x28 /home/davi/.pico-sdk/toolchain/13_3_Rel1/bin/../lib/gcc/arm-none-eabi/13.3.1/../../../../arm-none-eabi/lib/thumb/v6-m/nofp/libg.a(libc_a-vfscanf.o)
                0x1000a1ec                _vfscanf_r
 .text.__submore
                0x1000a214       0x84 /home/davi/.pico-sdk/toolchain/13_3_Rel1/bin/../lib/gcc/arm-none-eabi/13.3.1/../../../../arm-none-eabi/lib/thumb/v6-m/nofp/libg.a(libc_a-ungetc.o)
                0x1000a214                __submore
 .text._ungetc_r
                0x1000a298      0x134 /home/davi/.pico-sdk/toolchain/13_3_Rel1/bin/../lib/gcc/arm-none-eabi/13.3.1/../../../../arm-none-eabi/lib/thumb/v6-m/nofp/libg.a(libc_a-ungetc.o)
                0x1000a298                _ungetc_r
 .text.__malloc_lock
                0x1000a3cc       0x10 /home/davi/.pico-sdk/toolchain/13_3_Rel1/bin/../lib/gcc/arm-none-eabi/13.3.1/../../../../arm-none-eabi/lib/thumb/v6-m/nofp/libg.a(libc_a-mlock.o)
                0x1000a3cc                __malloc_lock
 .text.__malloc_unlock
                0x1000a3dc       0x10 /home/davi/.pico-sdk/toolchain/13_3_Rel1/bin/../lib/gcc/arm-none-eabi/13.3.1/../../../../arm-none-eabi/lib/thumb/v6-m/nofp/libg.a(libc_a-mlock.o)
                0x1000a3dc                __malloc_unlock
 .text.calloc   0x1000a3ec       0x18 /home/davi/.pico-sdk/toolchain/13_3_Rel1/bin/../lib/gcc/arm-none-eabi/13.3.1/../../../../arm-none-eabi/lib/thumb/v6-m/nofp/libg.a(libc_a-calloc.o)
                0x1000a3ec                calloc
 .text._calloc_r
                0x1000a404       0xa8 /home/davi/.pico-sdk/toolchain/13_3_Rel1/bin/../lib/gcc/arm-none-eabi/13.3.1/../../../../arm-none-eabi/lib/thumb/v6-m/nofp/libg.a(libc_a-callocr.o)
                0x1000a404                _calloc_r
 .text.realloc  0x1000a4ac       0x18 /home/davi/.pico-sdk/toolchain/13_3_Rel1/bin/../lib/gcc/arm-none-eabi/13.3.1/../../../../arm-none-eabi/lib/thumb/v6-m/nofp/libg.a(libc_a-realloc.o)
                0x1000a4ac                realloc
 .text.__retarget_lock_init_recursive
                0x1000a4c4        0x4 /home/davi/.pico-sdk/toolchain/13_3_Rel1/bin/../lib/gcc/arm-none-eabi/13.3.1/../../../../arm-none-eabi/lib/thumb/v6-m/nofp/libg.a(libc_a-lock.o)
                0x1000a4c4                __retarget_lock_init_recursive
 .text.__retarget_lock_close_recursive
                0x1000a4c8        0x4 /home/davi/.pico-sdk/toolchain/13_3_Rel1/bin/../lib/gcc/arm-none-eabi/13.3.1/../../../../arm-none-eabi/lib/thumb/v6-m/nofp/libg.a(libc_a-lock.o)
                0x1000a4c8                __retarget_lock_close_recursive
 .text.__retarget_lock_acquire_recursive
                0x1000a4cc        0x4 /home/davi/.pico-sdk/toolchain/13_3_Rel1/bin/../lib/gcc/arm-none-eabi/13.3.1/../../../../arm-none-eabi/lib/thumb/v6-m/nofp/libg.a(libc_a-lock.o)
                0x1000a4cc                __retarget_lock_acquire_recursive
 .text.__retarget_lock_release_recursive
                0x1000a4d0        0x4 /home/davi/.pico-sdk/toolchain/13_3_Rel1/bin/../lib/gcc/arm-none-eabi/13.3.1/../../../../arm-none-eabi/lib/thumb/v6-m/nofp/libg.a(libc_a-lock.o)
                0x1000a4d0                __retarget_lock_release_recursive
 .text.__locale_mb_cur_max
                0x1000a4d4       0x10 /home/davi/.pico-sdk/toolchain/13_3_Rel1/bin/../lib/gcc/arm-none-eabi/13.3.1/../../../../arm-none-eabi/lib/thumb/v6-m/nofp/libg.a(libc_a-locale.o)
                0x1000a4d4                __locale_mb_cur_max
 .text._localeconv_r
                0x1000a4e4        0x8 /home/davi/.pico-sdk/toolchain/13_3_Rel1/bin/../lib/gcc/arm-none-eabi/13.3.1/../../../../arm-none-eabi/lib/thumb/v6-m/nofp/libg.a(libc_a-localeconv.o)
                0x1000a4e4                _localeconv_r
 .text.sysconf  0x1000a4ec       0x1c /home/davi/.pico-sdk/toolchain/13_3_Rel1/bin/../lib/gcc/arm-none-eabi/13.3.1/../../../../arm-none-eabi/lib/thumb/v6-m/nofp/libg.a(libc_a-sysconf.o)
                0x1000a4ec                sysconf
 .text          0x1000a508       0x88 /home/davi/.pico-sdk/toolchain/13_3_Rel1/bin/../lib/gcc/arm-none-eabi/13.3.1/../../../../arm-none-eabi/lib/thumb/v6-m/nofp/libg.a(libc_a-strcmp.o)
                0x1000a508                strcmp
 .text.nanf     0x1000a590        0x8 /home/davi/.pico-sdk/toolchain/13_3_Rel1/bin/../lib/gcc/arm-none-eabi/13.3.1/../../../../arm-none-eabi/lib/thumb/v6-m/nofp/libg.a(libm_a-sf_nan.o)
                0x1000a590                nanf
 .text._realloc_r
                0x1000a598      0x350 /home/davi/.pico-sdk/toolchain/13_3_Rel1/bin/../lib/gcc/arm-none-eabi/13.3.1/../../../../arm-none-eabi/lib/thumb/v6-m/nofp/libg.a(libc_a-reallocr.o)
                0x1000a598                _realloc_r
 .text.sulp     0x1000a8e8       0x30 /home/davi/.pico-sdk/toolchain/13_3_Rel1/bin/../lib/gcc/arm-none-eabi/13.3.1/../../../../arm-none-eabi/lib/thumb/v6-m/nofp/libg.a(libc_a-strtod.o)
 .text._strtod_l
                0x1000a918      0xeb8 /home/davi/.pico-sdk/toolchain/13_3_Rel1/bin/../lib/gcc/arm-none-eabi/13.3.1/../../../../arm-none-eabi/lib/thumb/v6-m/nofp/libg.a(libc_a-strtod.o)
                0x1000a918                _strtod_l
 .text._strtod_r
                0x1000b7d0       0x10 /home/davi/.pico-sdk/toolchain/13_3_Rel1/bin/../lib/gcc/arm-none-eabi/13.3.1/../../../../arm-none-eabi/lib/thumb/v6-m/nofp/libg.a(libc_a-strtod.o)
                0x1000b7d0                _strtod_r
 .text._malloc_trim_r
                0x1000b7e0       0xb4 /home/davi/.pico-sdk/toolchain/13_3_Rel1/bin/../lib/gcc/arm-none-eabi/13.3.1/../../../../arm-none-eabi/lib/thumb/v6-m/nofp/libg.a(libc_a-freer.o)
                0x1000b7e0                _malloc_trim_r
 .text._free_r  0x1000b894      0x1d4 /home/davi/.pico-sdk/toolchain/13_3_Rel1/bin/../lib/gcc/arm-none-eabi/13.3.1/../../../../arm-none-eabi/lib/thumb/v6-m/nofp/libg.a(libc_a-freer.o)
                0x1000b894                _free_r
 .text._strtol_l.isra.0
                0x1000ba68      0x158 /home/davi/.pico-sdk/toolchain/13_3_Rel1/bin/../lib/gcc/arm-none-eabi/13.3.1/../../../../arm-none-eabi/lib/thumb/v6-m/nofp/libg.a(libc_a-strtol.o)
 .text._strtol_r
                0x1000bbc0        0x8 /home/davi/.pico-sdk/toolchain/13_3_Rel1/bin/../lib/gcc/arm-none-eabi/13.3.1/../../../../arm-none-eabi/lib/thumb/v6-m/nofp/libg.a(libc_a-strtol.o)
                0x1000bbc0                _strtol_r
 .text.rshift   0x1000bbc8       0xb0 /home/davi/.pico-sdk/toolchain/13_3_Rel1/bin/../lib/gcc/arm-none-eabi/13.3.1/../../../../arm-none-eabi/lib/thumb/v6-m/nofp/libg.a(libc_a-gdtoa-gethex.o)
 .text.__gethex
                0x1000bc78      0x5a8 /home/davi/.pico-sdk/toolchain/13_3_Rel1/bin/../lib/gcc/arm-none-eabi/13.3.1/../../../../arm-none-eabi/lib/thumb/v6-m/nofp/libg.a(libc_a-gdtoa-gethex.o)
                0x1000bc78                __gethex
 .text._strtoul_l.isra.0
                0x1000c220      0x144 /home/davi/.pico-sdk/toolchain/13_3_Rel1/bin/../lib/gcc/arm-none-eabi/13.3.1/../../../../arm-none-eabi/lib/thumb/v6-m/nofp/libg.a(libc_a-strtoul.o)
 .text._strtoul_r
                0x1000c364        0x8 /home/davi/.pico-sdk/toolchain/13_3_Rel1/bin/../lib/gcc/arm-none-eabi/13.3.1/../../../../arm-none-eabi/lib/thumb/v6-m/nofp/libg.a(libc_a-strtoul.o)
                0x1000c364                _strtoul_r
 .text.__match  0x1000c36c       0x2c /home/davi/.pico-sdk/toolchain/13_3_Rel1/bin/../lib/gcc/arm-none-eabi/13.3.1/../../../../arm-none-eabi/lib/thumb/v6-m/nofp/libg.a(libc_a-gdtoa-hexnan.o)
                0x1000c36c                __match
 .text.__hexnan
                0x1000c398      0x204 /home/davi/.pico-sdk/toolchain/13_3_Rel1/bin/../lib/gcc/arm-none-eabi/13.3.1/../../../../arm-none-eabi/lib/thumb/v6-m/nofp/libg.a(libc_a-gdtoa-hexnan.o)
                0x1000c398                __hexnan
 .text._strtoll_l.isra.0
                0x1000c59c      0x1a0 /home/davi/.pico-sdk/toolchain/13_3_Rel1/bin/../lib/gcc/arm-none-eabi/13.3.1/../../../../arm-none-eabi/lib/thumb/v6-m/nofp/libg.a(libc_a-strtoll.o)
 .text._strtoll_r
                0x1000c73c        0x8 /home/davi/.pico-sdk/toolchain/13_3_Rel1/bin/../lib/gcc/arm-none-eabi/13.3.1/../../../../arm-none-eabi/lib/thumb/v6-m/nofp/libg.a(libc_a-strtoll.o)
                0x1000c73c                _strtoll_r
 .text._strtoull_l.isra.0
                0x1000c744      0x1c4 /home/davi/.pico-sdk/toolchain/13_3_Rel1/bin/../lib/gcc/arm-none-eabi/13.3.1/../../../../arm-none-eabi/lib/thumb/v6-m/nofp/libg.a(libc_a-strtoull.o)
 .text._strtoull_r
                0x1000c908        0x8 /home/davi/.pico-sdk/toolchain/13_3_Rel1/bin/../lib/gcc/arm-none-eabi/13.3.1/../../../../arm-none-eabi/lib/thumb/v6-m/nofp/libg.a(libc_a-strtoull.o)
                0x1000c908                _strtoull_r
 .text.iswspace
                0x1000c910        0xc /home/davi/.pico-sdk/toolchain/13_3_Rel1/bin/../lib/gcc/arm-none-eabi/13.3.1/../../../../arm-none-eabi/lib/thumb/v6-m/nofp/libg.a(libc_a-iswspace.o)
                0x1000c910                iswspace
 .text.__sflush_r
                0x1000c91c      0x148 /home/davi/.pico-sdk/toolchain/13_3_Rel1/bin/../lib/gcc/arm-none-eabi/13.3.1/../../../../arm-none-eabi/lib/thumb/v6-m/nofp/libg.a(libc_a-fflush.o)
                0x1000c91c                __sflush_r
 .text._fflush_r
                0x1000ca64       0x68 /home/davi/.pico-sdk/toolchain/13_3_Rel1/bin/../lib/gcc/arm-none-eabi/13.3.1/../../../../arm-none-eabi/lib/thumb/v6-m/nofp/libg.a(libc_a-fflush.o)
                0x1000ca64                _fflush_r
 .text.iswspace_l
                0x1000cacc       0x24 /home/davi/.pico-sdk/toolchain/13_3_Rel1/bin/../lib/gcc/arm-none-eabi/13.3.1/../../../../arm-none-eabi/lib/thumb/v6-m/nofp/libg.a(libc_a-iswspace_l.o)
                0x1000cacc                iswspace_l
 .text.lflush   0x1000caf0       0x20 /home/davi/.pico-sdk/toolchain/13_3_Rel1/bin/../lib/gcc/arm-none-eabi/13.3.1/../../../../arm-none-eabi/lib/thumb/v6-m/nofp/libg.a(libc_a-refill.o)
 .text.__srefill_r
                0x1000cb10      0x100 /home/davi/.pico-sdk/toolchain/13_3_Rel1/bin/../lib/gcc/arm-none-eabi/13.3.1/../../../../arm-none-eabi/lib/thumb/v6-m/nofp/libg.a(libc_a-refill.o)
                0x1000cb10                __srefill_r
 .text.__sccl   0x1000cc10       0x80 /home/davi/.pico-sdk/toolchain/13_3_Rel1/bin/../lib/gcc/arm-none-eabi/13.3.1/../../../../arm-none-eabi/lib/thumb/v6-m/nofp/libg.a(libc_a-sccl.o)
                0x1000cc10                __sccl
 .text.__ascii_wctomb
                0x1000cc90       0x1c /home/davi/.pico-sdk/toolchain/13_3_Rel1/bin/../lib/gcc/arm-none-eabi/13.3.1/../../../../arm-none-eabi/lib/thumb/v6-m/nofp/libg.a(libc_a-wctomb_r.o)
                0x1000cc90                __ascii_wctomb
 .text.strncmp  0x1000ccac       0x74 /home/davi/.pico-sdk/toolchain/13_3_Rel1/bin/../lib/gcc/arm-none-eabi/13.3.1/../../../../arm-none-eabi/lib/thumb/v6-m/nofp/libg.a(libc_a-strncmp.o)
                0x1000ccac                strncmp
 .text.category
                0x1000cd20       0x54 /home/davi/.pico-sdk/toolchain/13_3_Rel1/bin/../lib/gcc/arm-none-eabi/13.3.1/../../../../arm-none-eabi/lib/thumb/v6-m/nofp/libg.a(libc_a-categories.o)
                0x1000cd20                category
 .text.stdio_exit_handler
                0x1000cd74       0x1c /home/davi/.pico-sdk/toolchain/13_3_Rel1/bin/../lib/gcc/arm-none-eabi/13.3.1/../../../../arm-none-eabi/lib/thumb/v6-m/nofp/libg.a(libc_a-findfp.o)
 .text.cleanup_stdio
                0x1000cd90       0x3c /home/davi/.pico-sdk/toolchain/13_3_Rel1/bin/../lib/gcc/arm-none-eabi/13.3.1/../../../../arm-none-eabi/lib/thumb/v6-m/nofp/libg.a(libc_a-findfp.o)
 .text.global_stdio_init.part.0
                0x1000cdcc      0x118 /home/davi/.pico-sdk/toolchain/13_3_Rel1/bin/../lib/gcc/arm-none-eabi/13.3.1/../../../../arm-none-eabi/lib/thumb/v6-m/nofp/libg.a(libc_a-findfp.o)
 .text.__sinit  0x1000cee4       0x38 /home/davi/.pico-sdk/toolchain/13_3_Rel1/bin/../lib/gcc/arm-none-eabi/13.3.1/../../../../arm-none-eabi/lib/thumb/v6-m/nofp/libg.a(libc_a-findfp.o)
                0x1000cee4                __sinit
 .text.__sfp_lock_acquire
                0x1000cf1c       0x10 /home/davi/.pico-sdk/toolchain/13_3_Rel1/bin/../lib/gcc/arm-none-eabi/13.3.1/../../../../arm-none-eabi/lib/thumb/v6-m/nofp/libg.a(libc_a-findfp.o)
                0x1000cf1c                __sfp_lock_acquire
 .text.__sfp_lock_release
                0x1000cf2c       0x10 /home/davi/.pico-sdk/toolchain/13_3_Rel1/bin/../lib/gcc/arm-none-eabi/13.3.1/../../../../arm-none-eabi/lib/thumb/v6-m/nofp/libg.a(libc_a-findfp.o)
                0x1000cf2c                __sfp_lock_release
 .text.__jp2uc  0x1000cf3c      0x154 /home/davi/.pico-sdk/toolchain/13_3_Rel1/bin/../lib/gcc/arm-none-eabi/13.3.1/../../../../arm-none-eabi/lib/thumb/v6-m/nofp/libg.a(libc_a-jp2uc.o)
 .text._jp2uc_l
                0x1000d090       0x68 /home/davi/.pico-sdk/toolchain/13_3_Rel1/bin/../lib/gcc/arm-none-eabi/13.3.1/../../../../arm-none-eabi/lib/thumb/v6-m/nofp/libg.a(libc_a-jp2uc.o)
                0x1000d090                _jp2uc_l
 .text._fread_r
                0x1000d0f8      0x1e4 /home/davi/.pico-sdk/toolchain/13_3_Rel1/bin/../lib/gcc/arm-none-eabi/13.3.1/../../../../arm-none-eabi/lib/thumb/v6-m/nofp/libg.a(libc_a-fread.o)
                0x1000d0f8                _fread_r
 .text.__sread  0x1000d2dc       0x28 /home/davi/.pico-sdk/toolchain/13_3_Rel1/bin/../lib/gcc/arm-none-eabi/13.3.1/../../../../arm-none-eabi/lib/thumb/v6-m/nofp/libg.a(libc_a-stdio.o)
                0x1000d2dc                __sread
 .text.__swrite
                0x1000d304       0x40 /home/davi/.pico-sdk/toolchain/13_3_Rel1/bin/../lib/gcc/arm-none-eabi/13.3.1/../../../../arm-none-eabi/lib/thumb/v6-m/nofp/libg.a(libc_a-stdio.o)
                0x1000d304                __swrite
 .text.__sseek  0x1000d344       0x30 /home/davi/.pico-sdk/toolchain/13_3_Rel1/bin/../lib/gcc/arm-none-eabi/13.3.1/../../../../arm-none-eabi/lib/thumb/v6-m/nofp/libg.a(libc_a-stdio.o)
                0x1000d344                __sseek
 .text.__sclose
                0x1000d374        0xc /home/davi/.pico-sdk/toolchain/13_3_Rel1/bin/../lib/gcc/arm-none-eabi/13.3.1/../../../../arm-none-eabi/lib/thumb/v6-m/nofp/libg.a(libc_a-stdio.o)
                0x1000d374                __sclose
 .text.stpncpy  0x1000d380       0x78 /home/davi/.pico-sdk/toolchain/13_3_Rel1/bin/../lib/gcc/arm-none-eabi/13.3.1/../../../../arm-none-eabi/lib/thumb/v6-m/nofp/libg.a(libc_a-stpncpy.o)
                0x1000d380                stpncpy
 .text.__ascii_mbtowc
                0x1000d3f8       0x2c /home/davi/.pico-sdk/toolchain/13_3_Rel1/bin/../lib/gcc/arm-none-eabi/13.3.1/../../../../arm-none-eabi/lib/thumb/v6-m/nofp/libg.a(libc_a-mbtowc_r.o)
                0x1000d3f8                __ascii_mbtowc
 .text._mbrtowc_r
                0x1000d424       0x54 /home/davi/.pico-sdk/toolchain/13_3_Rel1/bin/../lib/gcc/arm-none-eabi/13.3.1/../../../../arm-none-eabi/lib/thumb/v6-m/nofp/libg.a(libc_a-mbrtowc.o)
                0x1000d424                _mbrtowc_r
 .text._write_r
                0x1000d478       0x28 /home/davi/.pico-sdk/toolchain/13_3_Rel1/bin/../lib/gcc/arm-none-eabi/13.3.1/../../../../arm-none-eabi/lib/thumb/v6-m/nofp/libg.a(libc_a-writer.o)
                0x1000d478                _write_r
 .text.__errno  0x1000d4a0        0xc /home/davi/.pico-sdk/toolchain/13_3_Rel1/bin/../lib/gcc/arm-none-eabi/13.3.1/../../../../arm-none-eabi/lib/thumb/v6-m/nofp/libg.a(libc_a-errno.o)
                0x1000d4a0                __errno
 .text._fwalk_sglue
                0x1000d4ac       0x44 /home/davi/.pico-sdk/toolchain/13_3_Rel1/bin/../lib/gcc/arm-none-eabi/13.3.1/../../../../arm-none-eabi/lib/thumb/v6-m/nofp/libg.a(libc_a-fwalk.o)
                0x1000d4ac                _fwalk_sglue
 .text._Balloc  0x1000d4f0       0x50 /home/davi/.pico-sdk/toolchain/13_3_Rel1/bin/../lib/gcc/arm-none-eabi/13.3.1/../../../../arm-none-eabi/lib/thumb/v6-m/nofp/libg.a(libc_a-mprec.o)
                0x1000d4f0                _Balloc
 .text._Bfree   0x1000d540       0x14 /home/davi/.pico-sdk/toolchain/13_3_Rel1/bin/../lib/gcc/arm-none-eabi/13.3.1/../../../../arm-none-eabi/lib/thumb/v6-m/nofp/libg.a(libc_a-mprec.o)
                0x1000d540                _Bfree
 .text.__multadd
                0x1000d554       0xa8 /home/davi/.pico-sdk/toolchain/13_3_Rel1/bin/../lib/gcc/arm-none-eabi/13.3.1/../../../../arm-none-eabi/lib/thumb/v6-m/nofp/libg.a(libc_a-mprec.o)
                0x1000d554                __multadd
 .text.__s2b    0x1000d5fc       0xb0 /home/davi/.pico-sdk/toolchain/13_3_Rel1/bin/../lib/gcc/arm-none-eabi/13.3.1/../../../../arm-none-eabi/lib/thumb/v6-m/nofp/libg.a(libc_a-mprec.o)
                0x1000d5fc                __s2b
 .text.__hi0bits
                0x1000d6ac       0x4c /home/davi/.pico-sdk/toolchain/13_3_Rel1/bin/../lib/gcc/arm-none-eabi/13.3.1/../../../../arm-none-eabi/lib/thumb/v6-m/nofp/libg.a(libc_a-mprec.o)
                0x1000d6ac                __hi0bits
 .text.__lo0bits
                0x1000d6f8       0x5c /home/davi/.pico-sdk/toolchain/13_3_Rel1/bin/../lib/gcc/arm-none-eabi/13.3.1/../../../../arm-none-eabi/lib/thumb/v6-m/nofp/libg.a(libc_a-mprec.o)
                0x1000d6f8                __lo0bits
 .text.__i2b    0x1000d754       0x60 /home/davi/.pico-sdk/toolchain/13_3_Rel1/bin/../lib/gcc/arm-none-eabi/13.3.1/../../../../arm-none-eabi/lib/thumb/v6-m/nofp/libg.a(libc_a-mprec.o)
                0x1000d754                __i2b
 .text.__multiply
                0x1000d7b4      0x1ac /home/davi/.pico-sdk/toolchain/13_3_Rel1/bin/../lib/gcc/arm-none-eabi/13.3.1/../../../../arm-none-eabi/lib/thumb/v6-m/nofp/libg.a(libc_a-mprec.o)
                0x1000d7b4                __multiply
 .text.__pow5mult
                0x1000d960       0xd0 /home/davi/.pico-sdk/toolchain/13_3_Rel1/bin/../lib/gcc/arm-none-eabi/13.3.1/../../../../arm-none-eabi/lib/thumb/v6-m/nofp/libg.a(libc_a-mprec.o)
                0x1000d960                __pow5mult
 .text.__lshift
                0x1000da30       0xfc /home/davi/.pico-sdk/toolchain/13_3_Rel1/bin/../lib/gcc/arm-none-eabi/13.3.1/../../../../arm-none-eabi/lib/thumb/v6-m/nofp/libg.a(libc_a-mprec.o)
                0x1000da30                __lshift
 .text.__mcmp   0x1000db2c       0x3c /home/davi/.pico-sdk/toolchain/13_3_Rel1/bin/../lib/gcc/arm-none-eabi/13.3.1/../../../../arm-none-eabi/lib/thumb/v6-m/nofp/libg.a(libc_a-mprec.o)
                0x1000db2c                __mcmp
 .text.__mdiff  0x1000db68      0x1b4 /home/davi/.pico-sdk/toolchain/13_3_Rel1/bin/../lib/gcc/arm-none-eabi/13.3.1/../../../../arm-none-eabi/lib/thumb/v6-m/nofp/libg.a(libc_a-mprec.o)
                0x1000db68                __mdiff
 .text.__ulp    0x1000dd1c       0x40 /home/davi/.pico-sdk/toolchain/13_3_Rel1/bin/../lib/gcc/arm-none-eabi/13.3.1/../../../../arm-none-eabi/lib/thumb/v6-m/nofp/libg.a(libc_a-mprec.o)
                0x1000dd1c                __ulp
 .text.__b2d    0x1000dd5c       0xb8 /home/davi/.pico-sdk/toolchain/13_3_Rel1/bin/../lib/gcc/arm-none-eabi/13.3.1/../../../../arm-none-eabi/lib/thumb/v6-m/nofp/libg.a(libc_a-mprec.o)
                0x1000dd5c                __b2d
 .text.__d2b    0x1000de14       0xcc /home/davi/.pico-sdk/toolchain/13_3_Rel1/bin/../lib/gcc/arm-none-eabi/13.3.1/../../../../arm-none-eabi/lib/thumb/v6-m/nofp/libg.a(libc_a-mprec.o)
                0x1000de14                __d2b
 .text.__ratio  0x1000dee0       0x68 /home/davi/.pico-sdk/toolchain/13_3_Rel1/bin/../lib/gcc/arm-none-eabi/13.3.1/../../../../arm-none-eabi/lib/thumb/v6-m/nofp/libg.a(libc_a-mprec.o)
                0x1000dee0                __ratio
 .text.__copybits
                0x1000df48       0x40 /home/davi/.pico-sdk/toolchain/13_3_Rel1/bin/../lib/gcc/arm-none-eabi/13.3.1/../../../../arm-none-eabi/lib/thumb/v6-m/nofp/libg.a(libc_a-mprec.o)
                0x1000df48                __copybits
 .text.__any_on
                0x1000df88       0x4c /home/davi/.pico-sdk/toolchain/13_3_Rel1/bin/../lib/gcc/arm-none-eabi/13.3.1/../../../../arm-none-eabi/lib/thumb/v6-m/nofp/libg.a(libc_a-mprec.o)
                0x1000df88                __any_on
 .text.memmove  0x1000dfd4       0xb0 /home/davi/.pico-sdk/toolchain/13_3_Rel1/bin/../lib/gcc/arm-none-eabi/13.3.1/../../../../arm-none-eabi/lib/thumb/v6-m/nofp/libg.a(libc_a-memmove.o)
                0x1000dfd4                memmove
 .text.__smakebuf_r
                0x1000e084       0xe0 /home/davi/.pico-sdk/toolchain/13_3_Rel1/bin/../lib/gcc/arm-none-eabi/13.3.1/../../../../arm-none-eabi/lib/thumb/v6-m/nofp/libg.a(libc_a-makebuf.o)
                0x1000e084                __smakebuf_r
 .text.nan      0x1000e164        0xc /home/davi/.pico-sdk/toolchain/13_3_Rel1/bin/../lib/gcc/arm-none-eabi/13.3.1/../../../../arm-none-eabi/lib/thumb/v6-m/nofp/libg.a(libm_a-s_nan.o)
                0x1000e164                nan
 .text._close_r
                0x1000e170       0x24 /home/davi/.pico-sdk/toolchain/13_3_Rel1/bin/../lib/gcc/arm-none-eabi/13.3.1/../../../../arm-none-eabi/lib/thumb/v6-m/nofp/libg.a(libc_a-closer.o)
                0x1000e170                _close_r
 .text._fclose_r
                0x1000e194       0xd0 /home/davi/.pico-sdk/toolchain/13_3_Rel1/bin/../lib/gcc/arm-none-eabi/13.3.1/../../../../arm-none-eabi/lib/thumb/v6-m/nofp/libg.a(libc_a-fclose.o)
                0x1000e194                _fclose_r
 .text._fstat_r
                0x1000e264       0x28 /home/davi/.pico-sdk/toolchain/13_3_Rel1/bin/../lib/gcc/arm-none-eabi/13.3.1/../../../../arm-none-eabi/lib/thumb/v6-m/nofp/libg.a(libc_a-fstatr.o)
                0x1000e264                _fstat_r
 .text._isatty_r
                0x1000e28c       0x24 /home/davi/.pico-sdk/toolchain/13_3_Rel1/bin/../lib/gcc/arm-none-eabi/13.3.1/../../../../arm-none-eabi/lib/thumb/v6-m/nofp/libg.a(libc_a-isattyr.o)
                0x1000e28c                _isatty_r
 .text._lseek_r
                0x1000e2b0       0x28 /home/davi/.pico-sdk/toolchain/13_3_Rel1/bin/../lib/gcc/arm-none-eabi/13.3.1/../../../../arm-none-eabi/lib/thumb/v6-m/nofp/libg.a(libc_a-lseekr.o)
                0x1000e2b0                _lseek_r
 .text._read_r  0x1000e2d8       0x28 /home/davi/.pico-sdk/toolchain/13_3_Rel1/bin/../lib/gcc/arm-none-eabi/13.3.1/../../../../arm-none-eabi/lib/thumb/v6-m/nofp/libg.a(libc_a-readr.o)
                0x1000e2d8                _read_r
 *(.fini)
 .fini          0x1000e300        0x4 /home/davi/.pico-sdk/toolchain/13_3_Rel1/bin/../lib/gcc/arm-none-eabi/13.3.1/thumb/v6-m/nofp/crti.o
                0x1000e300                _fini
 *fill*         0x1000e304        0x4 
 .fini.__stub   0x1000e308       0xc0 linker stubs
 *crtbegin.o(.ctors)
 *crtbegin?.o(.ctors)
 *(EXCLUDE_FILE(*crtend.o *crtend?.o) .ctors)
 *(SORT_BY_NAME(.ctors.*))
 *(.ctors)
 *crtbegin.o(.dtors)
 *crtbegin?.o(.dtors)
 *(EXCLUDE_FILE(*crtend.o *crtend?.o) .dtors)
 *(SORT_BY_NAME(.dtors.*))
 *(.dtors)
                0x1000e3c8                        . = ALIGN (0x4)
                0x1000e3c8                        PROVIDE (__preinit_array_start = .)
 *(SORT_BY_NAME(.preinit_array.*))
 .preinit_array.00100
                0x1000e3c8        0x4 CMakeFiles/Tarefa_WLS0302.dir/home/davi/.pico-sdk/sdk/2.1.0/src/rp2_common/pico_runtime_init/runtime_init.c.o
                0x1000e3c8                __pre_init_runtime_init_early_resets
 .preinit_array.00101
                0x1000e3cc        0x4 CMakeFiles/Tarefa_WLS0302.dir/home/davi/.pico-sdk/sdk/2.1.0/src/rp2_common/pico_runtime_init/runtime_init.c.o
                0x1000e3cc                __pre_init_runtime_init_usb_power_down
 .preinit_array.00275
                0x1000e3d0        0x4 CMakeFiles/Tarefa_WLS0302.dir/home/davi/.pico-sdk/sdk/2.1.0/src/rp2_common/pico_bit_ops/bit_ops_aeabi.S.o
 .preinit_array.00300
                0x1000e3d4        0x4 CMakeFiles/Tarefa_WLS0302.dir/home/davi/.pico-sdk/sdk/2.1.0/src/rp2_common/pico_mem_ops/mem_ops_aeabi.S.o
 .preinit_array.00350
                0x1000e3d8        0x4 CMakeFiles/Tarefa_WLS0302.dir/home/davi/.pico-sdk/sdk/2.1.0/src/rp2_common/pico_double/double_aeabi_rp2040.S.o
 .preinit_array.00350
                0x1000e3dc        0x4 CMakeFiles/Tarefa_WLS0302.dir/home/davi/.pico-sdk/sdk/2.1.0/src/rp2_common/pico_float/float_aeabi_rp2040.S.o
 .preinit_array.00500
                0x1000e3e0        0x4 CMakeFiles/Tarefa_WLS0302.dir/home/davi/.pico-sdk/sdk/2.1.0/src/rp2_common/pico_runtime_init/runtime_init.c.o
                0x1000e3e0                __pre_init_runtime_init_clocks
 .preinit_array.00600
                0x1000e3e4        0x4 CMakeFiles/Tarefa_WLS0302.dir/home/davi/.pico-sdk/sdk/2.1.0/src/rp2_common/pico_runtime_init/runtime_init.c.o
                0x1000e3e4                __pre_init_runtime_init_post_clock_resets
 .preinit_array.00700
                0x1000e3e8        0x4 CMakeFiles/Tarefa_WLS0302.dir/home/davi/.pico-sdk/sdk/2.1.0/src/rp2_common/pico_runtime_init/runtime_init.c.o
                0x1000e3e8                __pre_init_runtime_init_rp2040_gpio_ie_disable
 .preinit_array.01000
                0x1000e3ec        0x4 CMakeFiles/Tarefa_WLS0302.dir/home/davi/.pico-sdk/sdk/2.1.0/src/rp2_common/pico_runtime_init/runtime_init.c.o
                0x1000e3ec                __pre_init_runtime_init_spin_locks_reset
 .preinit_array.01100
                0x1000e3f0        0x4 CMakeFiles/Tarefa_WLS0302.dir/home/davi/.pico-sdk/sdk/2.1.0/src/common/pico_sync/mutex.c.o
                0x1000e3f0                __pre_init_runtime_init_mutex
 .preinit_array.10080
                0x1000e3f4        0x4 CMakeFiles/Tarefa_WLS0302.dir/home/davi/.pico-sdk/sdk/2.1.0/src/rp2_common/pico_runtime_init/runtime_init.c.o
                0x1000e3f4                __pre_init_runtime_init_install_ram_vector_table
 .preinit_array.11000
                0x1000e3f8        0x4 CMakeFiles/Tarefa_WLS0302.dir/home/davi/.pico-sdk/sdk/2.1.0/src/common/pico_time/time.c.o
                0x1000e3f8                __pre_init_runtime_init_default_alarm_pool
 .preinit_array.YYYYY
                0x1000e3fc        0x4 CMakeFiles/Tarefa_WLS0302.dir/home/davi/.pico-sdk/sdk/2.1.0/src/rp2_common/pico_runtime/runtime.c.o
                0x1000e3fc                __pre_init_first_per_core_initializer
 .preinit_array.ZZZZZ.01200
                0x1000e400        0x4 CMakeFiles/Tarefa_WLS0302.dir/home/davi/.pico-sdk/sdk/2.1.0/src/rp2_common/hardware_irq/irq.c.o
                0x1000e400                __pre_init_runtime_init_per_core_irq_priorities
 *(.preinit_array)
                0x1000e404                        PROVIDE (__preinit_array_end = .)
                0x1000e404                        . = ALIGN (0x4)
                0x1000e404                        PROVIDE (__init_array_start = .)
 *(SORT_BY_NAME(.init_array.*))
 *(.init_array)
 .init_array    0x1000e404        0x4 /home/davi/.pico-sdk/toolchain/13_3_Rel1/bin/../lib/gcc/arm-none-eabi/13.3.1/thumb/v6-m/nofp/crtbegin.o
 .init_array    0x1000e408        0x4 CMakeFiles/Tarefa_WLS0302.dir/home/davi/.pico-sdk/sdk/2.1.0/src/rp2_common/pico_unique_id/unique_id.c.o
                0x1000e40c                        PROVIDE (__init_array_end = .)
                0x1000e40c                        . = ALIGN (0x4)
                [!provide]                        PROVIDE (__fini_array_start = .)
 *(SORT_BY_NAME(.fini_array.*))
 *(.fini_array)
                [!provide]                        PROVIDE (__fini_array_end = .)
 *(.eh_frame*)
 .eh_frame      0x1000e40c        0x0 /home/davi/.pico-sdk/toolchain/13_3_Rel1/bin/../lib/gcc/arm-none-eabi/13.3.1/thumb/v6-m/nofp/crtbegin.o
                0x1000e40c                        . = ALIGN (0x4)

.glue_7         0x1000e40c        0x0
 .glue_7        0x1000e40c        0x0 linker stubs

.glue_7t        0x1000e40c        0x0
 .glue_7t       0x1000e40c        0x0 linker stubs

.vfp11_veneer   0x1000e40c        0x0
 .vfp11_veneer  0x1000e40c        0x0 linker stubs

.v4_bx          0x1000e40c        0x0
 .v4_bx         0x1000e40c        0x0 linker stubs

.iplt           0x1000e40c        0x0
 .iplt          0x1000e40c        0x0 /home/davi/.pico-sdk/toolchain/13_3_Rel1/bin/../lib/gcc/arm-none-eabi/13.3.1/thumb/v6-m/nofp/crtbegin.o

.rodata         0x1000e410     0x7d80
 *(EXCLUDE_FILE(*libm.a: *libc.a:*lib_a-mem*.o *libgcc.a:) .rodata*)
 .rodata.button_pressed.str1.4
                0x1000e410      0x3ba CMakeFiles/Tarefa_WLS0302.dir/Tarefa_WLS0302.c.o
                                 0x1d (size before relaxing)
 .rodata.process_input.str1.4
                0x1000e7ca       0x14 CMakeFiles/Tarefa_WLS0302.dir/Tarefa_WLS0302.c.o
 .rodata.main.str1.4
                0x1000e7ca        0xf CMakeFiles/Tarefa_WLS0302.dir/Tarefa_WLS0302.c.o
 *fill*         0x1000e7ca        0x2 
 .rodata.ws2812_program
                0x1000e7cc        0x8 CMakeFiles/Tarefa_WLS0302.dir/Tarefa_WLS0302.c.o
 .rodata.ws2812_program_instructions
                0x1000e7d4        0x8 CMakeFiles/Tarefa_WLS0302.dir/Tarefa_WLS0302.c.o
 .rodata.font   0x1000e7dc      0x1f8 CMakeFiles/Tarefa_WLS0302.dir/inc/ssd1306.c.o
 .rodata.panic.str1.4
                0x1000e9d4       0x12 CMakeFiles/Tarefa_WLS0302.dir/home/davi/.pico-sdk/sdk/2.1.0/src/rp2_common/pico_platform_panic/panic.c.o
 .rodata.spin_lock_claim_unused.str1.4
                0x1000e9d4       0x1b CMakeFiles/Tarefa_WLS0302.dir/home/davi/.pico-sdk/sdk/2.1.0/src/rp2_common/hardware_sync/sync.c.o